Component: Arm Compiler for Embedded 6.18 Tool: armlink [5e4cc100]

==============================================================================

Section Cross References

    am_resources.o(.rodata.sGlobalAccess) refers to am_resources.o(.rodata.ui32SharedAccess) for ui32SharedAccess
    am_resources.o(.rodata.sGlobalAccess) refers to am_resources.o(.rodata.ui32MCUAllowed) for ui32MCUAllowed
    am_resources.o(.rodata.sGlobalAccess) refers to am_resources.o(.rodata.ui32DSP0Allowed) for ui32DSP0Allowed
    am_resources.o(.rodata.sGlobalAccess) refers to am_resources.o(.rodata.ui32DSP1Allowed) for ui32DSP1Allowed
    am_resources.o(.rodata.sGlobalAccess) refers to am_resources.o(SHARED_RW) for ui32MCUClaimed
    am_resources.o(.rodata.sGlobalAccess) refers to am_resources.o(SHARED_RW) for ui32DSP0Claimed
    am_resources.o(.rodata.sGlobalAccess) refers to am_resources.o(SHARED_RW) for ui32DSP1Claimed
    am_resources.o(RESOURCE_TABLE) refers to am_resources.o(.rodata.sGlobalAccess) for sGlobalAccess
    main.o(.text.gpio_config) refers to am_hal_gpio.o(.text.am_hal_gpio_pinconfig) for am_hal_gpio_pinconfig
    main.o(.ARM.exidx.text.gpio_config) refers to main.o(.text.gpio_config) for [Anonymous Symbol]
    main.o(.ARM.exidx.text.fgpio_write) refers to main.o(.text.fgpio_write) for [Anonymous Symbol]
    main.o(.ARM.exidx.text.fgpio_read) refers to main.o(.text.fgpio_read) for [Anonymous Symbol]
    main.o(.text.memory_config) refers to main.o(.rodata..L__const.memory_config.McuMemCfg) for .L__const.memory_config.McuMemCfg
    main.o(.text.memory_config) refers to main.o(.rodata..L__const.memory_config.SRAMMemCfg) for .L__const.memory_config.SRAMMemCfg
    main.o(.text.memory_config) refers to am_hal_pwrctrl.o(.text.am_hal_pwrctrl_mcu_memory_config) for am_hal_pwrctrl_mcu_memory_config
    main.o(.text.memory_config) refers to am_hal_pwrctrl.o(.text.am_hal_pwrctrl_sram_config) for am_hal_pwrctrl_sram_config
    main.o(.text.memory_config) refers to am_hal_pwrctrl.o(.text.am_hal_pwrctrl_dsp_memory_config) for am_hal_pwrctrl_dsp_memory_config
    main.o(.ARM.exidx.text.memory_config) refers to main.o(.text.memory_config) for [Anonymous Symbol]
    main.o(.text.main) refers to am_hal_cachectrl.o(.rodata.am_hal_cachectrl_defaults) for am_hal_cachectrl_defaults
    main.o(.text.main) refers to am_hal_cachectrl.o(.text.am_hal_cachectrl_config) for am_hal_cachectrl_config
    main.o(.text.main) refers to am_hal_cachectrl.o(.text.am_hal_cachectrl_enable) for am_hal_cachectrl_enable
    main.o(.text.main) refers to am_bsp.o(.text.am_bsp_low_power_init) for am_bsp_low_power_init
    main.o(.text.main) refers to main.o(.rodata..L__const.memory_config.McuMemCfg) for .L__const.memory_config.McuMemCfg
    main.o(.text.main) refers to main.o(.rodata..L__const.memory_config.SRAMMemCfg) for .L__const.memory_config.SRAMMemCfg
    main.o(.text.main) refers to am_hal_pwrctrl.o(.text.am_hal_pwrctrl_mcu_memory_config) for am_hal_pwrctrl_mcu_memory_config
    main.o(.text.main) refers to am_hal_pwrctrl.o(.text.am_hal_pwrctrl_sram_config) for am_hal_pwrctrl_sram_config
    main.o(.text.main) refers to am_hal_pwrctrl.o(.text.am_hal_pwrctrl_dsp_memory_config) for am_hal_pwrctrl_dsp_memory_config
    main.o(.text.main) refers to am_bsp.o(.text.am_bsp_debug_printf_enable) for am_bsp_debug_printf_enable
    main.o(.text.main) refers to am_util_stdio.o(.text.am_util_stdio_printf) for am_util_stdio_printf
    main.o(.text.main) refers to main.o(.text.gpio_config) for gpio_config
    main.o(.ARM.exidx.text.main) refers to main.o(.text.main) for [Anonymous Symbol]
    am_bsp.o(.text.am_bsp_external_vdd18_switch) refers to am_bsp_pins.o(.data.g_AM_BSP_GPIO_VDD18_SWITCH) for g_AM_BSP_GPIO_VDD18_SWITCH
    am_bsp.o(.text.am_bsp_external_vdd18_switch) refers to am_hal_gpio.o(.text.am_hal_gpio_pinconfig) for am_hal_gpio_pinconfig
    am_bsp.o(.text.am_bsp_external_vdd18_switch) refers to am_hal_gpio.o(.text.am_hal_gpio_state_write) for am_hal_gpio_state_write
    am_bsp.o(.ARM.exidx.text.am_bsp_external_vdd18_switch) refers to am_bsp.o(.text.am_bsp_external_vdd18_switch) for [Anonymous Symbol]
    am_bsp.o(.text.am_bsp_external_vddusb33_switch) refers to am_bsp_pins.o(.data.g_AM_BSP_GPIO_VDDUSB33_SWITCH) for g_AM_BSP_GPIO_VDDUSB33_SWITCH
    am_bsp.o(.text.am_bsp_external_vddusb33_switch) refers to am_hal_gpio.o(.text.am_hal_gpio_pinconfig) for am_hal_gpio_pinconfig
    am_bsp.o(.text.am_bsp_external_vddusb33_switch) refers to am_hal_gpio.o(.text.am_hal_gpio_state_write) for am_hal_gpio_state_write
    am_bsp.o(.ARM.exidx.text.am_bsp_external_vddusb33_switch) refers to am_bsp.o(.text.am_bsp_external_vddusb33_switch) for [Anonymous Symbol]
    am_bsp.o(.text.am_bsp_external_vddusb0p9_switch) refers to am_bsp_pins.o(.data.g_AM_BSP_GPIO_VDDUSB0P9_SWITCH) for g_AM_BSP_GPIO_VDDUSB0P9_SWITCH
    am_bsp.o(.text.am_bsp_external_vddusb0p9_switch) refers to am_hal_gpio.o(.text.am_hal_gpio_pinconfig) for am_hal_gpio_pinconfig
[...]
    Removing am_hal_stimer.o(.text.am_hal_stimer_compare_delta_set), (242 bytes).
    Removing am_hal_stimer.o(.ARM.exidx.text.am_hal_stimer_compare_delta_set), (8 bytes).
    Removing am_hal_stimer.o(.text.am_hal_stimer_compare_get), (82 bytes).
    Removing am_hal_stimer.o(.ARM.exidx.text.am_hal_stimer_compare_get), (8 bytes).
    Removing am_hal_stimer.o(.text.am_hal_stimer_capture_start), (212 bytes).
    Removing am_hal_stimer.o(.ARM.exidx.text.am_hal_stimer_capture_start), (8 bytes).
    Removing am_hal_stimer.o(.text.am_hal_stimer_capture_stop), (170 bytes).
    Removing am_hal_stimer.o(.ARM.exidx.text.am_hal_stimer_capture_stop), (8 bytes).
    Removing am_hal_stimer.o(.text.am_hal_stimer_nvram_set), (18 bytes).
    Removing am_hal_stimer.o(.ARM.exidx.text.am_hal_stimer_nvram_set), (8 bytes).
    Removing am_hal_stimer.o(.text.am_hal_stimer_nvram_get), (20 bytes).
    Removing am_hal_stimer.o(.ARM.exidx.text.am_hal_stimer_nvram_get), (8 bytes).
    Removing am_hal_stimer.o(.text.am_hal_stimer_capture_get), (20 bytes).
    Removing am_hal_stimer.o(.ARM.exidx.text.am_hal_stimer_capture_get), (8 bytes).
    Removing am_hal_stimer.o(.text.am_hal_stimer_int_enable), (16 bytes).
    Removing am_hal_stimer.o(.ARM.exidx.text.am_hal_stimer_int_enable), (8 bytes).
    Removing am_hal_stimer.o(.text.am_hal_stimer_int_enable_get), (12 bytes).
    Removing am_hal_stimer.o(.ARM.exidx.text.am_hal_stimer_int_enable_get), (8 bytes).
    Removing am_hal_stimer.o(.text.am_hal_stimer_int_disable), (18 bytes).
    Removing am_hal_stimer.o(.ARM.exidx.text.am_hal_stimer_int_disable), (8 bytes).
    Removing am_hal_stimer.o(.text.am_hal_stimer_int_set), (12 bytes).
    Removing am_hal_stimer.o(.ARM.exidx.text.am_hal_stimer_int_set), (8 bytes).
    Removing am_hal_stimer.o(.text.am_hal_stimer_int_clear), (12 bytes).
    Removing am_hal_stimer.o(.ARM.exidx.text.am_hal_stimer_int_clear), (8 bytes).
    Removing am_hal_stimer.o(.text.am_hal_stimer_int_status_get), (22 bytes).
    Removing am_hal_stimer.o(.ARM.exidx.text.am_hal_stimer_int_status_get), (8 bytes).
    Removing am_hal_stimer.o(.bss.bStimerConfigured), (1 bytes).
    Removing am_hal_stimer.o(.data.g_lastStimer), (32 bytes).
    Removing am_hal_timer.o(.text), (0 bytes).
    Removing am_hal_timer.o(.text.internal_timer_config), (176 bytes).
    Removing am_hal_timer.o(.ARM.exidx.text.internal_timer_config), (8 bytes).
    Removing am_hal_timer.o(.text.am_hal_timer_config), (4 bytes).
    Removing am_hal_timer.o(.ARM.exidx.text.am_hal_timer_config), (8 bytes).
    Removing am_hal_timer.o(.text.am_hal_timer_default_config_set), (32 bytes).
    Removing am_hal_timer.o(.ARM.exidx.text.am_hal_timer_default_config_set), (8 bytes).
    Removing am_hal_timer.o(.text.am_hal_timer_reset_config), (96 bytes).
    Removing am_hal_timer.o(.ARM.exidx.text.am_hal_timer_reset_config), (8 bytes).
    Removing am_hal_timer.o(.text.am_hal_timer_interrupt_disable), (18 bytes).
    Removing am_hal_timer.o(.ARM.exidx.text.am_hal_timer_interrupt_disable), (8 bytes).
    Removing am_hal_timer.o(.text.am_hal_timer_enable_sync), (752 bytes).
    Removing am_hal_timer.o(.ARM.exidx.text.am_hal_timer_enable_sync), (8 bytes).
    Removing am_hal_timer.o(.text.am_hal_timer_disable), (42 bytes).
    Removing am_hal_timer.o(.ARM.exidx.text.am_hal_timer_disable), (8 bytes).
    Removing am_hal_timer.o(.text.am_hal_timer_interrupt_clear), (16 bytes).
    Removing am_hal_timer.o(.ARM.exidx.text.am_hal_timer_interrupt_clear), (8 bytes).
    Removing am_hal_timer.o(.text.am_hal_timer_enable), (82 bytes).
    Removing am_hal_timer.o(.ARM.exidx.text.am_hal_timer_enable), (8 bytes).
    Removing am_hal_timer.o(.text.am_hal_timer_disable_sync), (370 bytes).
    Removing am_hal_timer.o(.ARM.exidx.text.am_hal_timer_disable_sync), (8 bytes).
    Removing am_hal_timer.o(.text.am_hal_timer_clear), (66 bytes).
    Removing am_hal_timer.o(.ARM.exidx.text.am_hal_timer_clear), (8 bytes).
    Removing am_hal_timer.o(.text.am_hal_timer_clear_stop), (58 bytes).
    Removing am_hal_timer.o(.ARM.exidx.text.am_hal_timer_clear_stop), (8 bytes).
    Removing am_hal_timer.o(.text.am_hal_timer_read), (38 bytes).
    Removing am_hal_timer.o(.ARM.exidx.text.am_hal_timer_read), (8 bytes).
    Removing am_hal_timer.o(.text.am_hal_timer_output_config), (78 bytes).
    Removing am_hal_timer.o(.ARM.exidx.text.am_hal_timer_output_config), (8 bytes).
    Removing am_hal_timer.o(.text.am_hal_timer_compare0_set), (16 bytes).
    Removing am_hal_timer.o(.ARM.exidx.text.am_hal_timer_compare0_set), (8 bytes).
    Removing am_hal_timer.o(.text.am_hal_timer_compare1_set), (16 bytes).
    Removing am_hal_timer.o(.ARM.exidx.text.am_hal_timer_compare1_set), (8 bytes).
    Removing am_hal_timer.o(.text.am_hal_timer_interrupt_enable), (18 bytes).
    Removing am_hal_timer.o(.ARM.exidx.text.am_hal_timer_interrupt_enable), (8 bytes).
    Removing am_hal_timer.o(.text.am_hal_timer_interrupt_status_get), (24 bytes).
    Removing am_hal_timer.o(.ARM.exidx.text.am_hal_timer_interrupt_status_get), (8 bytes).
    Removing am_hal_queue.o(.text), (0 bytes).
    Removing am_hal_queue.o(.ARM.exidx.text.am_hal_queue_init), (8 bytes).
    Removing am_hal_queue.o(.ARM.exidx.text.am_hal_queue_item_add), (8 bytes).
    Removing am_hal_queue.o(.ARM.exidx.text.am_hal_queue_item_get), (8 bytes).
    Removing am_hal_utils.o(.text), (0 bytes).
    Removing am_hal_utils.o(.ARM.exidx.text.am_hal_delay_us), (8 bytes).
    Removing am_hal_utils.o(.ARM.exidx.text.am_hal_delay_us_status_change), (8 bytes).
    Removing am_hal_utils.o(.ARM.exidx.text.am_hal_delay_us_status_check), (8 bytes).
    Removing am_hal_utils.o(.text.am_hal_load_ui32), (12 bytes).
    Removing am_hal_utils.o(.ARM.exidx.text.am_hal_load_ui32), (8 bytes).
    Removing am_hal_utils.o(.text.am_hal_store_ui32), (12 bytes).
    Removing am_hal_utils.o(.ARM.exidx.text.am_hal_store_ui32), (8 bytes).
    Removing am_hal_adc.o(.text), (0 bytes).
    Removing am_hal_adc.o(.text.am_hal_adc_initialize), (292 bytes).
    Removing am_hal_adc.o(.ARM.exidx.text.am_hal_adc_initialize), (8 bytes).
    Removing am_hal_adc.o(.text.am_hal_adc_deinitialize), (68 bytes).
    Removing am_hal_adc.o(.ARM.exidx.text.am_hal_adc_deinitialize), (8 bytes).
    Removing am_hal_adc.o(.text.am_hal_adc_disable), (60 bytes).
    Removing am_hal_adc.o(.ARM.exidx.text.am_hal_adc_disable), (8 bytes).
    Removing am_hal_adc.o(.text.am_hal_adc_configure), (120 bytes).
    Removing am_hal_adc.o(.ARM.exidx.text.am_hal_adc_configure), (8 bytes).
    Removing am_hal_adc.o(.text.am_hal_adc_configure_slot), (128 bytes).
    Removing am_hal_adc.o(.ARM.exidx.text.am_hal_adc_configure_slot), (8 bytes).
    Removing am_hal_adc.o(.text.am_hal_adc_configure_irtt), (52 bytes).
    Removing am_hal_adc.o(.ARM.exidx.text.am_hal_adc_configure_irtt), (8 bytes).
    Removing am_hal_adc.o(.text.am_hal_adc_irtt_enable), (236 bytes).
    Removing am_hal_adc.o(.ARM.exidx.text.am_hal_adc_irtt_enable), (8 bytes).
    Removing am_hal_adc.o(.text.ForceFIFOpop), (176 bytes).
    Removing am_hal_adc.o(.ARM.exidx.text.ForceFIFOpop), (8 bytes).
    Removing am_hal_adc.o(.text.am_hal_adc_irtt_disable), (44 bytes).
    Removing am_hal_adc.o(.ARM.exidx.text.am_hal_adc_irtt_disable), (8 bytes).
    Removing am_hal_adc.o(.text.am_hal_adc_configure_dma), (96 bytes).
    Removing am_hal_adc.o(.ARM.exidx.text.am_hal_adc_configure_dma), (8 bytes).
    Removing am_hal_adc.o(.text.am_hal_adc_control), (340 bytes).
    Removing am_hal_adc.o(.ARM.exidx.text.am_hal_adc_control), (8 bytes).
    Removing am_hal_adc.o(.text.am_hal_adc_enable), (244 bytes).
    Removing am_hal_adc.o(.ARM.exidx.text.am_hal_adc_enable), (8 bytes).
    Removing am_hal_adc.o(.text.am_hal_adc_status_get), (88 bytes).
    Removing am_hal_adc.o(.ARM.exidx.text.am_hal_adc_status_get), (8 bytes).
    Removing am_hal_adc.o(.text.am_hal_adc_interrupt_enable), (44 bytes).
    Removing am_hal_adc.o(.ARM.exidx.text.am_hal_adc_interrupt_enable), (8 bytes).
    Removing am_hal_adc.o(.text.am_hal_adc_interrupt_disable), (44 bytes).
    Removing am_hal_adc.o(.ARM.exidx.text.am_hal_adc_interrupt_disable), (8 bytes).
    Removing am_hal_adc.o(.text.am_hal_adc_interrupt_status), (48 bytes).
    Removing am_hal_adc.o(.ARM.exidx.text.am_hal_adc_interrupt_status), (8 bytes).
    Removing am_hal_adc.o(.text.am_hal_adc_interrupt_clear), (40 bytes).
    Removing am_hal_adc.o(.ARM.exidx.text.am_hal_adc_interrupt_clear), (8 bytes).
    Removing am_hal_adc.o(.text.am_hal_adc_samples_read), (692 bytes).
    Removing am_hal_adc.o(.ARM.exidx.text.am_hal_adc_samples_read), (8 bytes).
    Removing am_hal_adc.o(.text.am_hal_adc_sw_trigger), (40 bytes).
    Removing am_hal_adc.o(.ARM.exidx.text.am_hal_adc_sw_trigger), (8 bytes).
    Removing am_hal_adc.o(.text.am_hal_adc_power_control), (458 bytes).
    Removing am_hal_adc.o(.ARM.exidx.text.am_hal_adc_power_control), (8 bytes).
    Removing am_hal_adc.o(.bss..L_MergedGlobals), (108 bytes).
    Removing am_hal_global.o(.text), (0 bytes).
    Removing am_hal_global.o(.text.am_hal_triple_read), (36 bytes).
    Removing am_hal_global.o(.ARM.exidx.text.am_hal_triple_read), (8 bytes).
    Removing am_hal_global.o(.bss.g_ui32HALflags), (4 bytes).
    Removing am_hal_global.o(.rodata.g_ui8HALcompiler), (17 bytes).
    Removing am_hal_global.o(.rodata.g_ui32HALversion), (4 bytes).
    Removing am_util_delay.o(.text), (0 bytes).
    Removing am_util_delay.o(.text.am_util_delay_cycles), (4 bytes).
    Removing am_util_delay.o(.ARM.exidx.text.am_util_delay_cycles), (8 bytes).
    Removing am_util_delay.o(.text.am_util_delay_ms), (10 bytes).
    Removing am_util_delay.o(.ARM.exidx.text.am_util_delay_ms), (8 bytes).
    Removing am_util_delay.o(.text.am_util_delay_us), (4 bytes).
    Removing am_util_delay.o(.ARM.exidx.text.am_util_delay_us), (8 bytes).
    Removing am_util_stdio.o(.text), (0 bytes).
    Removing am_util_stdio.o(.ARM.exidx.text.am_util_stdio_printf_init), (8 bytes).
    Removing am_util_stdio.o(.text.am_util_stdio_strtoul), (236 bytes).
    Removing am_util_stdio.o(.ARM.exidx.text.am_util_stdio_strtoul), (8 bytes).
    Removing am_util_stdio.o(.text.am_util_stdio_textmode_set), (18 bytes).
    Removing am_util_stdio.o(.ARM.exidx.text.am_util_stdio_textmode_set), (8 bytes).
    Removing am_util_stdio.o(.ARM.exidx.text.am_util_stdio_vsprintf), (8 bytes).
    Removing am_util_stdio.o(.text.am_util_stdio_sprintf), (28 bytes).
    Removing am_util_stdio.o(.ARM.exidx.text.am_util_stdio_sprintf), (8 bytes).
    Removing am_util_stdio.o(.ARM.exidx.text.am_util_stdio_printf), (8 bytes).
    Removing am_util_stdio.o(.text.am_util_stdio_vsnprintf), (166 bytes).
    Removing am_util_stdio.o(.ARM.exidx.text.am_util_stdio_vsnprintf), (8 bytes).
    Removing am_util_stdio.o(.text.am_util_stdio_snprintf), (186 bytes).
    Removing am_util_stdio.o(.ARM.exidx.text.am_util_stdio_snprintf), (8 bytes).
    Removing am_util_stdio.o(.text.am_util_stdio_vprintf), (48 bytes).
    Removing am_util_stdio.o(.ARM.exidx.text.am_util_stdio_vprintf), (8 bytes).
    Removing am_util_stdio.o(.text.am_util_stdio_terminal_clear), (28 bytes).
    Removing am_util_stdio.o(.ARM.exidx.text.am_util_stdio_terminal_clear), (8 bytes).
    Removing am_util_string.o(.text), (0 bytes).
    Removing am_util_string.o(.text.am_util_string_strcmp), (96 bytes).
    Removing am_util_string.o(.ARM.exidx.text.am_util_string_strcmp), (8 bytes).
    Removing am_util_string.o(.text.am_util_string_strncmp), (94 bytes).
    Removing am_util_string.o(.ARM.exidx.text.am_util_string_strncmp), (8 bytes).
    Removing am_util_string.o(.text.am_util_string_strnicmp), (92 bytes).
    Removing am_util_string.o(.ARM.exidx.text.am_util_string_strnicmp), (8 bytes).
    Removing am_util_string.o(.text.am_util_string_stricmp), (82 bytes).
    Removing am_util_string.o(.ARM.exidx.text.am_util_string_stricmp), (8 bytes).
    Removing am_util_string.o(.text.am_util_string_strlen), (58 bytes).
    Removing am_util_string.o(.ARM.exidx.text.am_util_string_strlen), (8 bytes).
    Removing am_util_string.o(.text.am_util_string_strcpy), (64 bytes).
    Removing am_util_string.o(.ARM.exidx.text.am_util_string_strcpy), (8 bytes).
    Removing am_util_string.o(.text.am_util_string_strncpy), (176 bytes).
    Removing am_util_string.o(.ARM.exidx.text.am_util_string_strncpy), (8 bytes).
    Removing am_util_string.o(.text.am_util_string_strcat), (98 bytes).
    Removing am_util_string.o(.ARM.exidx.text.am_util_string_strcat), (8 bytes).
    Removing am_util_string.o(.rodata.am_cattr), (256 bytes).
    Removing am_devices_led.o(.text), (0 bytes).
    Removing am_devices_led.o(.text.am_devices_led_init), (88 bytes).
    Removing am_devices_led.o(.ARM.exidx.text.am_devices_led_init), (8 bytes).
    Removing am_devices_led.o(.text.am_devices_led_array_disable), (58 bytes).
    Removing am_devices_led.o(.ARM.exidx.text.am_devices_led_array_disable), (8 bytes).
    Removing am_devices_led.o(.text.am_devices_led_array_init), (124 bytes).
    Removing am_devices_led.o(.ARM.exidx.text.am_devices_led_array_init), (8 bytes).
    Removing am_devices_led.o(.text.am_devices_led_on), (56 bytes).
    Removing am_devices_led.o(.ARM.exidx.text.am_devices_led_on), (8 bytes).
    Removing am_devices_led.o(.text.am_devices_led_off), (54 bytes).
    Removing am_devices_led.o(.ARM.exidx.text.am_devices_led_off), (8 bytes).
    Removing am_devices_led.o(.text.am_devices_led_toggle), (94 bytes).
    Removing am_devices_led.o(.ARM.exidx.text.am_devices_led_toggle), (8 bytes).
    Removing am_devices_led.o(.text.am_devices_led_get), (74 bytes).
    Removing am_devices_led.o(.ARM.exidx.text.am_devices_led_get), (8 bytes).
    Removing am_devices_led.o(.text.am_devices_led_array_out), (136 bytes).
    Removing am_devices_led.o(.ARM.exidx.text.am_devices_led_array_out), (8 bytes).

751 unused section(s) (total 37478 bytes) removed from the image.

==============================================================================

Image Symbol Table

    Local Symbols

    Symbol Name                              Value     Ov Type        Size  Object(Section)

    ../clib/angel/boardlib.s                 0x00000000   Number         0  boardinit1.o ABSOLUTE
    ../clib/angel/boardlib.s                 0x00000000   Number         0  boardinit2.o ABSOLUTE
    ../clib/angel/boardlib.s                 0x00000000   Number         0  boardinit3.o ABSOLUTE
    ../clib/angel/boardlib.s                 0x00000000   Number         0  boardshut.o ABSOLUTE
    ../clib/angel/handlers.s                 0x00000000   Number         0  __scatter_copy.o ABSOLUTE
    ../clib/angel/handlers.s                 0x00000000   Number         0  __scatter_zi.o ABSOLUTE
    ../clib/angel/kernel.s                   0x00000000   Number         0  __rtentry.o ABSOLUTE
    ../clib/angel/kernel.s                   0x00000000   Number         0  __rtentry2.o ABSOLUTE
    ../clib/angel/kernel.s                   0x00000000   Number         0  __rtentry4.o ABSOLUTE
    ../clib/angel/kernel.s                   0x00000000   Number         0  rtexit.o ABSOLUTE
    ../clib/angel/kernel.s                   0x00000000   Number         0  rtexit2.o ABSOLUTE
    ../clib/angel/rt.s                       0x00000000   Number         0  rt_raise.o ABSOLUTE
    ../clib/angel/scatter.s                  0x00000000   Number         0  __scatter.o ABSOLUTE
    ../clib/angel/startup.s                  0x00000000   Number         0  __main.o ABSOLUTE
    ../clib/angel/sys.s                      0x00000000   Number         0  sys_stackheap_outer.o ABSOLUTE
    ../clib/angel/sys.s                      0x00000000   Number         0  libspace.o ABSOLUTE
    ../clib/angel/sys.s                      0x00000000   Number         0  use_no_semi.o ABSOLUTE
    ../clib/angel/sys.s                      0x00000000   Number         0  indicate_semi.o ABSOLUTE
    ../clib/angel/sysapp.c                   0x00000000   Number         0  sys_exit.o ABSOLUTE
    ../clib/angel/sysapp.c                   0x00000000   Number         0  sys_exit_hlt.o ABSOLUTE
    ../clib/angel/sysapp.c                   0x00000000   Number         0  sys_command.o ABSOLUTE
    ../clib/angel/sysapp.c                   0x00000000   Number         0  sys_command_hlt.o ABSOLUTE
    ../clib/angel/sysapp.c                   0x00000000   Number         0  sys_wrch.o ABSOLUTE
    ../clib/angel/sysapp.c                   0x00000000   Number         0  sys_wrch_hlt.o ABSOLUTE
    ../clib/armsys.c                         0x00000000   Number         0  argv_veneer.o ABSOLUTE
    ../clib/armsys.c                         0x00000000   Number         0  argv_veneer.o ABSOLUTE
    ../clib/armsys.c                         0x00000000   Number         0  _get_argv_nomalloc.o ABSOLUTE
    ../clib/armsys.c                         0x00000000   Number         0  no_argv.o ABSOLUTE
    ../clib/heapalloc.c                      0x00000000   Number         0  hrguard.o ABSOLUTE
    ../clib/heapaux.c                        0x00000000   Number         0  heapauxi.o ABSOLUTE
    ../clib/libinit.s                        0x00000000   Number         0  libinit.o ABSOLUTE
    ../clib/libinit.s                        0x00000000   Number         0  libinit2.o ABSOLUTE
    ../clib/libinit.s                        0x00000000   Number         0  libshutdown.o ABSOLUTE
    ../clib/libinit.s                        0x00000000   Number         0  libshutdown2.o ABSOLUTE
    ../clib/signal.c                         0x00000000   Number         0  defsig_rtmem_outer.o ABSOLUTE
    ../clib/signal.c                         0x00000000   Number         0  defsig_rtmem_formal.o ABSOLUTE
    ../clib/signal.c                         0x00000000   Number         0  defsig_exit.o ABSOLUTE
    ../clib/signal.c                         0x00000000   Number         0  defsig_rtmem_inner.o ABSOLUTE
    ../clib/signal.c                         0x00000000   Number         0  __raise.o ABSOLUTE
    ../clib/signal.c                         0x00000000   Number         0  defsig_general.o ABSOLUTE
    ../clib/signal.c                         0x00000000   Number         0  defsig_abrt_inner.o ABSOLUTE
    ../clib/signal.c                         0x00000000   Number         0  defsig_fpe_inner.o ABSOLUTE
    ../clib/signal.c                         0x00000000   Number         0  defsig_rtred_inner.o ABSOLUTE
    ../clib/signal.c                         0x00000000   Number         0  defsig_stak_inner.o ABSOLUTE
    ../clib/signal.c                         0x00000000   Number         0  defsig_pvfn_inner.o ABSOLUTE
    ../clib/signal.c                         0x00000000   Number         0  defsig_cppl_inner.o ABSOLUTE
    ../clib/signal.c                         0x00000000   Number         0  defsig_segv_inner.o ABSOLUTE
    ../clib/signal.c                         0x00000000   Number         0  defsig_other.o ABSOLUTE
    ../clib/signal.s                         0x00000000   Number         0  defsig.o ABSOLUTE
    ../clib/stdlib.c                         0x00000000   Number         0  exit.o ABSOLUTE
    ../fplib/d2f.s                           0x00000000   Number         0  d2f.o ABSOLUTE
    ../fplib/dnaninf.s                       0x00000000   Number         0  dnaninf.o ABSOLUTE
    ../fplib/fpinit.s                        0x00000000   Number         0  fpinit.o ABSOLUTE
    ../fplib/fretinf.s                       0x00000000   Number         0  fretinf.o ABSOLUTE
    ../fplib/usenofp.s                       0x00000000   Number         0  usenofp.o ABSOLUTE
    am_bsp.c                                 0x00000000   Number         0  am_bsp.o ABSOLUTE
    am_bsp_pins.c                            0x00000000   Number         0  am_bsp_pins.o ABSOLUTE
    am_devices_led.c                         0x00000000   Number         0  am_devices_led.o ABSOLUTE
    am_hal_adc.c                             0x00000000   Number         0  am_hal_adc.o ABSOLUTE
    am_hal_bootrom_helper.c                  0x00000000   Number         0  am_hal_bootrom_helper.o ABSOLUTE
    am_hal_cachectrl.c                       0x00000000   Number         0  am_hal_cachectrl.o ABSOLUTE
    am_hal_clkgen.c                          0x00000000   Number         0  am_hal_clkgen.o ABSOLUTE
    am_hal_dcu.c                             0x00000000   Number         0  am_hal_dcu.o ABSOLUTE
    am_hal_global.c                          0x00000000   Number         0  am_hal_global.o ABSOLUTE
    am_hal_gpio.c                            0x00000000   Number         0  am_hal_gpio.o ABSOLUTE
    am_hal_interrupt.c                       0x00000000   Number         0  am_hal_interrupt.o ABSOLUTE
    am_hal_itm.c                             0x00000000   Number         0  am_hal_itm.o ABSOLUTE
    am_hal_mcuctrl.c                         0x00000000   Number         0  am_hal_mcuctrl.o ABSOLUTE
    am_hal_mpu.c                             0x00000000   Number         0  am_hal_mpu.o ABSOLUTE
    am_hal_mram.c                            0x00000000   Number         0  am_hal_mram.o ABSOLUTE
    am_hal_pin.c                             0x00000000   Number         0  am_hal_pin.o ABSOLUTE
    am_hal_pwrctrl.c                         0x00000000   Number         0  am_hal_pwrctrl.o ABSOLUTE
    am_hal_queue.c                           0x00000000   Number         0  am_hal_queue.o ABSOLUTE
    am_hal_reset.c                           0x00000000   Number         0  am_hal_reset.o ABSOLUTE
    am_hal_rtc.c                             0x00000000   Number         0  am_hal_rtc.o ABSOLUTE
    am_hal_stimer.c                          0x00000000   Number         0  am_hal_stimer.o ABSOLUTE
    am_hal_timer.c                           0x00000000   Number         0  am_hal_timer.o ABSOLUTE
    am_hal_tpiu.c                            0x00000000   Number         0  am_hal_tpiu.o ABSOLUTE
    am_hal_uart.c                            0x00000000   Number         0  am_hal_uart.o ABSOLUTE
    am_hal_utils.c                           0x00000000   Number         0  am_hal_utils.o ABSOLUTE
    am_hal_wdt.c                             0x00000000   Number         0  am_hal_wdt.o ABSOLUTE
    am_resources.c                           0x00000000   Number         0  am_resources.o ABSOLUTE
    am_util_delay.c                          0x00000000   Number         0  am_util_delay.o ABSOLUTE
    am_util_stdio.c                          0x00000000   Number         0  am_util_stdio.o ABSOLUTE
    am_util_string.c                         0x00000000   Number         0  am_util_string.o ABSOLUTE
    dc.s                                     0x00000000   Number         0  dc.o ABSOLUTE
    keil/startup_keil.s                      0x00000000   Number         0  startup_keil.o ABSOLUTE
    main.c                                   0x00000000   Number         0  main.o ABSOLUTE
    RESET                                    0x00018000   Section      564  startup_keil.o(RESET)
    $v0                                      0x00018200   Number         0  startup_keil.o(RESET)
    am_cryptosec_isr                         0x0001822f   Thumb Code     0  startup_keil.o(RESET)
    am_default_isr                           0x0001822f   Thumb Code     2  startup_keil.o(RESET)
    !!!main                                  0x00018234   Section        8  __main.o(!!!main)
    !!!scatter                               0x0001823c   Section       52  __scatter.o(!!!scatter)
    !!handler_copy                           0x00018270   Section       26  __scatter_copy.o(!!handler_copy)
    !!handler_zi                             0x0001828c   Section       28  __scatter_zi.o(!!handler_zi)
    .ARM.Collect$$libinit$$00000000          0x000182a8   Section        2  libinit.o(.ARM.Collect$$libinit$$00000000)
    .ARM.Collect$$libinit$$00000001          0x000182aa   Section        4  libinit2.o(.ARM.Collect$$libinit$$00000001)
    .ARM.Collect$$libinit$$00000004          0x000182ae   Section        0  libinit2.o(.ARM.Collect$$libinit$$00000004)
    .ARM.Collect$$libinit$$00000006          0x000182ae   Section        0  libinit2.o(.ARM.Collect$$libinit$$00000006)
    .ARM.Collect$$libinit$$0000000C          0x000182ae   Section        0  libinit2.o(.ARM.Collect$$libinit$$0000000C)
    .ARM.Collect$$libinit$$0000000E          0x000182ae   Section        0  libinit2.o(.ARM.Collect$$libinit$$0000000E)
    .ARM.Collect$$libinit$$00000010          0x000182ae   Section        0  libinit2.o(.ARM.Collect$$libinit$$00000010)
    .ARM.Collect$$libinit$$00000013          0x000182ae   Section        0  libinit2.o(.ARM.Collect$$libinit$$00000013)
    .ARM.Collect$$libinit$$00000015          0x000182ae   Section        0  libinit2.o(.ARM.Collect$$libinit$$00000015)
    .ARM.Collect$$libinit$$00000017          0x000182ae   Section        0  libinit2.o(.ARM.Collect$$libinit$$00000017)
    .ARM.Collect$$libinit$$00000019          0x000182ae   Section        0  libinit2.o(.ARM.Collect$$libinit$$00000019)
    .ARM.Collect$$libinit$$0000001B          0x000182ae   Section        0  libinit2.o(.ARM.Collect$$libinit$$0000001B)
    .ARM.Collect$$libinit$$0000001D          0x000182ae   Section        0  libinit2.o(.ARM.Collect$$libinit$$0000001D)
    .ARM.Collect$$libinit$$0000001F          0x000182ae   Section        0  libinit2.o(.ARM.Collect$$libinit$$0000001F)
    .ARM.Collect$$libinit$$00000021          0x000182ae   Section        0  libinit2.o(.ARM.Collect$$libinit$$00000021)
    .ARM.Collect$$libinit$$00000023          0x000182ae   Section        0  libinit2.o(.ARM.Collect$$libinit$$00000023)
    .ARM.Collect$$libinit$$00000025          0x000182ae   Section        0  libinit2.o(.ARM.Collect$$libinit$$00000025)
    .ARM.Collect$$libinit$$00000027          0x000182ae   Section        0  libinit2.o(.ARM.Collect$$libinit$$00000027)
    .ARM.Collect$$libinit$$0000002E          0x000182ae   Section        0  libinit2.o(.ARM.Collect$$libinit$$0000002E)
    .ARM.Collect$$libinit$$00000030          0x000182ae   Section        0  libinit2.o(.ARM.Collect$$libinit$$00000030)
    .ARM.Collect$$libinit$$00000032          0x000182ae   Section        0  libinit2.o(.ARM.Collect$$libinit$$00000032)
    .ARM.Collect$$libinit$$00000034          0x000182ae   Section        0  libinit2.o(.ARM.Collect$$libinit$$00000034)
    .ARM.Collect$$libinit$$00000035          0x000182ae   Section        2  libinit2.o(.ARM.Collect$$libinit$$00000035)
    .ARM.Collect$$libshutdown$$00000000      0x000182b0   Section        2  libshutdown.o(.ARM.Collect$$libshutdown$$00000000)
    .ARM.Collect$$libshutdown$$00000002      0x000182b2   Section        0  libshutdown2.o(.ARM.Collect$$libshutdown$$00000002)
    .ARM.Collect$$libshutdown$$00000004      0x000182b2   Section        0  libshutdown2.o(.ARM.Collect$$libshutdown$$00000004)
    .ARM.Collect$$libshutdown$$00000007      0x000182b2   Section        0  libshutdown2.o(.ARM.Collect$$libshutdown$$00000007)
    .ARM.Collect$$libshutdown$$0000000A      0x000182b2   Section        0  libshutdown2.o(.ARM.Collect$$libshutdown$$0000000A)
    .ARM.Collect$$libshutdown$$0000000C      0x000182b2   Section        0  libshutdown2.o(.ARM.Collect$$libshutdown$$0000000C)
    .ARM.Collect$$libshutdown$$0000000F      0x000182b2   Section        0  libshutdown2.o(.ARM.Collect$$libshutdown$$0000000F)
    .ARM.Collect$$libshutdown$$00000010      0x000182b2   Section        2  libshutdown2.o(.ARM.Collect$$libshutdown$$00000010)
    .ARM.Collect$$rtentry$$00000000          0x000182b4   Section        0  __rtentry.o(.ARM.Collect$$rtentry$$00000000)
    .ARM.Collect$$rtentry$$00000002          0x000182b4   Section        0  __rtentry2.o(.ARM.Collect$$rtentry$$00000002)
    .ARM.Collect$$rtentry$$00000004          0x000182b4   Section        6  __rtentry4.o(.ARM.Collect$$rtentry$$00000004)
    .ARM.Collect$$rtentry$$00000009          0x000182ba   Section        0  __rtentry2.o(.ARM.Collect$$rtentry$$00000009)
    .ARM.Collect$$rtentry$$0000000A          0x000182ba   Section        4  __rtentry2.o(.ARM.Collect$$rtentry$$0000000A)
    .ARM.Collect$$rtentry$$0000000C          0x000182be   Section        0  __rtentry2.o(.ARM.Collect$$rtentry$$0000000C)
    .ARM.Collect$$rtentry$$0000000D          0x000182be   Section        8  __rtentry2.o(.ARM.Collect$$rtentry$$0000000D)
    .ARM.Collect$$rtexit$$00000000           0x000182c6   Section        2  rtexit.o(.ARM.Collect$$rtexit$$00000000)
    .ARM.Collect$$rtexit$$00000002           0x000182c8   Section        0  rtexit2.o(.ARM.Collect$$rtexit$$00000002)
    .ARM.Collect$$rtexit$$00000003           0x000182c8   Section        4  rtexit2.o(.ARM.Collect$$rtexit$$00000003)
    .ARM.Collect$$rtexit$$00000004           0x000182cc   Section        6  rtexit2.o(.ARM.Collect$$rtexit$$00000004)
    $v0                                      0x000182d4   Number         0  startup_keil.o(.text)
    .text                                    0x000182d4   Section       24  startup_keil.o(.text)
    .text                                    0x000182ec   Section        0  heapauxi.o(.text)
    .text                                    0x000182f2   Section       74  sys_stackheap_outer.o(.text)
    .text                                    0x0001833c   Section        0  exit.o(.text)
    .text                                    0x00018350   Section        8  libspace.o(.text)
    .text                                    0x00018358   Section        0  sys_exit.o(.text)
    .text                                    0x00018364   Section        2  use_no_semi.o(.text)
    .text                                    0x00018366   Section        0  indicate_semi.o(.text)
    [Anonymous Symbol]                       0x00018368   Section        0  am_bsp.o(.text.am_bsp_buffered_uart_printf_enable)
    [Anonymous Symbol]                       0x0001841c   Section        0  am_bsp.o(.text.am_bsp_debug_printf_enable)
    [Anonymous Symbol]                       0x00018444   Section        0  am_bsp.o(.text.am_bsp_itm_printf_enable)
    [Anonymous Symbol]                       0x000184c4   Section        0  am_bsp.o(.text.am_bsp_low_power_init)
    [Anonymous Symbol]                       0x000184dc   Section        0  am_bsp.o(.text.am_bsp_uart_printf_enable)
    [Anonymous Symbol]                       0x0001854c   Section        0  am_bsp.o(.text.am_bsp_uart_string_print)
    [Anonymous Symbol]                       0x000185b4   Section        0  am_hal_cachectrl.o(.text.am_hal_cachectrl_config)
    [Anonymous Symbol]                       0x000185f8   Section        0  am_hal_cachectrl.o(.text.am_hal_cachectrl_enable)
    [Anonymous Symbol]                       0x00018618   Section        0  am_hal_cachectrl.o(.text.am_hal_daxi_config)
    [Anonymous Symbol]                       0x000186c4   Section        0  am_hal_dcu.o(.text.am_hal_dcu_get)
    [Anonymous Symbol]                       0x0001870c   Section        0  am_hal_dcu.o(.text.am_hal_dcu_update)
    [Anonymous Symbol]                       0x000187bc   Section        0  am_hal_utils.o(.text.am_hal_delay_us)
    [Anonymous Symbol]                       0x000187f4   Section        0  am_hal_utils.o(.text.am_hal_delay_us_status_change)
    [Anonymous Symbol]                       0x0001884c   Section        0  am_hal_utils.o(.text.am_hal_delay_us_status_check)
    [Anonymous Symbol]                       0x000188e4   Section        0  am_hal_gpio.o(.text.am_hal_gpio_pinconfig)
    [Anonymous Symbol]                       0x0001893c   Section        0  am_hal_interrupt.o(.text.am_hal_interrupt_master_disable)
    [Anonymous Symbol]                       0x00018944   Section        0  am_hal_interrupt.o(.text.am_hal_interrupt_master_set)
    [Anonymous Symbol]                       0x0001894c   Section        0  am_hal_itm.o(.text.am_hal_itm_enable)
    [Anonymous Symbol]                       0x000189a4   Section        0  am_hal_itm.o(.text.am_hal_itm_print)
    [Anonymous Symbol]                       0x00018ad8   Section        0  am_hal_mram.o(.text.am_hal_mram_info_read)
    [Anonymous Symbol]                       0x00018b88   Section        0  am_hal_pwrctrl.o(.text.am_hal_pwrctrl_control)
    [Anonymous Symbol]                       0x00018da4   Section        0  am_hal_pwrctrl.o(.text.am_hal_pwrctrl_dsp_memory_config)
    [Anonymous Symbol]                       0x00018ed0   Section        0  am_hal_pwrctrl.o(.text.am_hal_pwrctrl_low_power_init)
    [Anonymous Symbol]                       0x00019030   Section        0  am_hal_pwrctrl.o(.text.am_hal_pwrctrl_mcu_memory_config)
    [Anonymous Symbol]                       0x00019140   Section        0  am_hal_pwrctrl.o(.text.am_hal_pwrctrl_periph_disable)
    [Anonymous Symbol]                       0x00019270   Section        0  am_hal_pwrctrl.o(.text.am_hal_pwrctrl_periph_enable)
    [Anonymous Symbol]                       0x00019334   Section        0  am_hal_pwrctrl.o(.text.am_hal_pwrctrl_sram_config)
    [Anonymous Symbol]                       0x000193fc   Section        0  am_hal_queue.o(.text.am_hal_queue_init)
    [Anonymous Symbol]                       0x00019414   Section        0  am_hal_queue.o(.text.am_hal_queue_item_add)
    [Anonymous Symbol]                       0x000195e0   Section        0  am_hal_queue.o(.text.am_hal_queue_item_get)
    [Anonymous Symbol]                       0x000197bc   Section        0  am_hal_rtc.o(.text.am_hal_rtc_osc_disable)
    [Anonymous Symbol]                       0x000197d0   Section        0  am_hal_tpiu.o(.text.am_hal_tpiu_enable)
    [Anonymous Symbol]                       0x00019840   Section        0  am_hal_uart.o(.text.am_hal_uart_buffer_configure)
    [Anonymous Symbol]                       0x000198a8   Section        0  am_hal_uart.o(.text.am_hal_uart_configure)
    [Anonymous Symbol]                       0x00019a20   Section        0  am_hal_uart.o(.text.am_hal_uart_initialize)
    [Anonymous Symbol]                       0x00019a90   Section        0  am_hal_uart.o(.text.am_hal_uart_power_control)
    [Anonymous Symbol]                       0x00019b50   Section        0  am_hal_uart.o(.text.am_hal_uart_transfer)
    [Anonymous Symbol]                       0x00019c10   Section        0  am_util_stdio.o(.text.am_util_stdio_printf)
    [Anonymous Symbol]                       0x00019c58   Section        0  am_util_stdio.o(.text.am_util_stdio_printf_init)
    [Anonymous Symbol]                       0x00019c64   Section        0  am_util_stdio.o(.text.am_util_stdio_vsprintf)
    [Anonymous Symbol]                       0x0001ade4   Section        0  am_hal_pwrctrl.o(.text.crypto_boost_trims)
    get_raw_dcu_mask                         0x0001aeb9   Thumb Code  1060  am_hal_dcu.o(.text.get_raw_dcu_mask)
    [Anonymous Symbol]                       0x0001aeb8   Section        0  am_hal_dcu.o(.text.get_raw_dcu_mask)
    get_ui32_dcu_mask                        0x0001b2dd   Thumb Code   292  am_hal_dcu.o(.text.get_ui32_dcu_mask)
    [Anonymous Symbol]                       0x0001b2dc   Section        0  am_hal_dcu.o(.text.get_ui32_dcu_mask)
    [Anonymous Symbol]                       0x0001b400   Section        0  main.o(.text.gpio_config)
    [Anonymous Symbol]                       0x0001b494   Section        0  main.o(.text.main)
    nonblocking_read                         0x0001b559   Thumb Code   138  am_hal_uart.o(.text.nonblocking_read)
    [Anonymous Symbol]                       0x0001b558   Section        0  am_hal_uart.o(.text.nonblocking_read)
    nonblocking_read_sm                      0x0001b5e5   Thumb Code   248  am_hal_uart.o(.text.nonblocking_read_sm)
    [Anonymous Symbol]                       0x0001b5e4   Section        0  am_hal_uart.o(.text.nonblocking_read_sm)
    nonblocking_write                        0x0001b6dd   Thumb Code   142  am_hal_uart.o(.text.nonblocking_write)
    [Anonymous Symbol]                       0x0001b6dc   Section        0  am_hal_uart.o(.text.nonblocking_write)
    nonblocking_write_sm                     0x0001b76d   Thumb Code   344  am_hal_uart.o(.text.nonblocking_write_sm)
    [Anonymous Symbol]                       0x0001b76c   Section        0  am_hal_uart.o(.text.nonblocking_write_sm)
    $v0                                      0x0001b8c4   Number         0  d2f.o(x$fpl$d2f)
    x$fpl$d2f                                0x0001b8c4   Section       98  d2f.o(x$fpl$d2f)
    $v0                                      0x0001b926   Number         0  dnaninf.o(x$fpl$dnaninf)
    x$fpl$dnaninf                            0x0001b926   Section      156  dnaninf.o(x$fpl$dnaninf)
    $v0                                      0x0001b9c2   Number         0  fpinit.o(x$fpl$fpinit)
    x$fpl$fpinit                             0x0001b9c2   Section       26  fpinit.o(x$fpl$fpinit)
    $v0                                      0x0001b9dc   Number         0  fretinf.o(x$fpl$fretinf)
    x$fpl$fretinf                            0x0001b9dc   Section       10  fretinf.o(x$fpl$fretinf)
    .L__const.memory_config.McuMemCfg        0x0001b9e6   Data           6  main.o(.rodata..L__const.memory_config.McuMemCfg)
    x$fpl$usenofp                            0x0001b9e6   Section        0  usenofp.o(x$fpl$usenofp)
    .L__const.memory_config.SRAMMemCfg       0x0001b9ec   Data           6  main.o(.rodata..L__const.memory_config.SRAMMemCfg)
    g_sBspUartConfig                         0x0001bc50   Data          12  am_bsp.o(.rodata.g_sBspUartConfig)
    [Anonymous Symbol]                       0x0001bc50   Section        0  am_bsp.o(.rodata.g_sBspUartConfig)
    __tagsym$$used.7                         0x0001bc5c   Number         0  am_resources.o(.rodata.sGlobalAccess)
    g_ui32DSpintbl                           0x0001bc78   Data          16  am_hal_gpio.o(.rodata.str4.4)
    [Anonymous Symbol]                       0x0001bc78   Section        0  am_hal_gpio.o(.rodata.str4.4)
    __tagsym$$used.1                         0x0001bc88   Number         0  am_resources.o(.rodata.ui32DSP0Allowed)
    __tagsym$$used.2                         0x0001bc9c   Number         0  am_resources.o(.rodata.ui32DSP1Allowed)
    __tagsym$$used.0                         0x0001bcb0   Number         0  am_resources.o(.rodata.ui32MCUAllowed)
    __tagsym$$used.3                         0x0001bcc4   Number         0  am_resources.o(.rodata.ui32SharedAccess)
    .L_MergedGlobals                         0x10000000   Data           8  am_hal_pwrctrl.o(.data..L_MergedGlobals)
    [Anonymous Symbol]                       0x10000000   Section        0  am_hal_pwrctrl.o(.data..L_MergedGlobals)
    .L_MergedGlobals                         0x10000008   Data          24  am_hal_dcu.o(.data..L_MergedGlobals)
    [Anonymous Symbol]                       0x10000008   Section        0  am_hal_dcu.o(.data..L_MergedGlobals)
    .bss                                     0x10000038   Section       96  libspace.o(.bss)
    .L_MergedGlobals                         0x10000098   Data           8  am_bsp.o(.bss..L_MergedGlobals)
    g_ePrintInterface                        0x10000098   Data           1  am_bsp.o(.bss..L_MergedGlobals)
    [Anonymous Symbol]                       0x10000098   Section        0  am_bsp.o(.bss..L_MergedGlobals)
    g_sCOMUART                               0x1000009c   Data           4  am_bsp.o(.bss..L_MergedGlobals)
    .L_MergedGlobals.1                       0x100000a0   Data          44  am_hal_pwrctrl.o(.bss..L_MergedGlobals.1)
    g_bBoostForCryptoApplied                 0x100000a0   Data           1  am_hal_pwrctrl.o(.bss..L_MergedGlobals.1)
    [Anonymous Symbol]                       0x100000a0   Section        0  am_hal_pwrctrl.o(.bss..L_MergedGlobals.1)
    g_bOrigTrimsStored                       0x100000a1   Data           1  am_hal_pwrctrl.o(.bss..L_MergedGlobals.1)
    g_bTempcoValid                           0x100000a2   Data           1  am_hal_pwrctrl.o(.bss..L_MergedGlobals.1)
    g_i32LatestVddfActTrim                   0x100000a4   Data           4  am_hal_pwrctrl.o(.bss..L_MergedGlobals.1)
    g_i32LatestLDOActTrim                    0x100000a8   Data           4  am_hal_pwrctrl.o(.bss..L_MergedGlobals.1)
    g_ui32VDDFAdjustCodes                    0x100000ac   Data           4  am_hal_pwrctrl.o(.bss..L_MergedGlobals.1)
    g_orig_ACTTRIMVDDF                       0x100000b0   Data           4  am_hal_pwrctrl.o(.bss..L_MergedGlobals.1)
    g_orig_MEMLDOACTIVETRIM                  0x100000b4   Data           4  am_hal_pwrctrl.o(.bss..L_MergedGlobals.1)
    g_orig_LPTRIMVDDF                        0x100000b8   Data           4  am_hal_pwrctrl.o(.bss..L_MergedGlobals.1)
    g_orig_MEMLPLDOTRIM                      0x100000bc   Data           4  am_hal_pwrctrl.o(.bss..L_MergedGlobals.1)
    g_orig_TVRGVREFTRIM                      0x100000c0   Data           4  am_hal_pwrctrl.o(.bss..L_MergedGlobals.1)
    g_pfTempMeasured                         0x100000c4   Data           4  am_hal_pwrctrl.o(.bss..L_MergedGlobals.1)
    g_TempcoADCHandle                        0x100000c8   Data           4  am_hal_pwrctrl.o(.bss..L_MergedGlobals.1)
    g_bTxtXlate                              0x100003b0   Data           1  am_util_stdio.o(.bss.g_bTxtXlate)
    [Anonymous Symbol]                       0x100003b0   Section        0  am_util_stdio.o(.bss.g_bTxtXlate)
    g_prfbuf                                 0x100003b8   Data         256  am_util_stdio.o(.bss.g_prfbuf)
    [Anonymous Symbol]                       0x100003b8   Section        0  am_util_stdio.o(.bss.g_prfbuf)
    pui8UartRxBuffer                         0x100004b8   Data        1024  am_bsp.o(.bss.pui8UartRxBuffer)
    [Anonymous Symbol]                       0x100004b8   Section        0  am_bsp.o(.bss.pui8UartRxBuffer)
    pui8UartTxBuffer                         0x100008b8   Data        1024  am_bsp.o(.bss.pui8UartTxBuffer)
    [Anonymous Symbol]                       0x100008b8   Section        0  am_bsp.o(.bss.pui8UartTxBuffer)
    HeapMem                                  0x10000cb8   Data           0  startup_keil.o(HEAP)
    StackMem                                 0x10000cb8   Data           0  startup_keil.o(STACK)
    HEAP                                     0x10000cb8   Section        0  startup_keil.o(HEAP)
    STACK                                    0x10000cb8   Section    11008  startup_keil.o(STACK)
    __tagsym$$used.8                         0x10060000   Number         0  am_resources.o(RESOURCE_TABLE)
    __tagsym$$used.4                         0x10060004   Number         0  am_resources.o(SHARED_RW)
    __tagsym$$used.5                         0x10060018   Number         0  am_resources.o(SHARED_RW)
    __tagsym$$used.6                         0x1006002c   Number         0  am_resources.o(SHARED_RW)

    Global Symbols

    Symbol Name                              Value     Ov Type        Size  Object(Section)

    BuildAttributes$$THM_ISAv4$E$P$D$K$B$S$7EM$VFPi3$EXTD16$VFPS$VFMA$PE$A:L22UL41UL21$X:L11$S22US41US21$IEEE1$IW$~IW$USESV6$~STKCKD$USESV7$~SHL$OTIME$ROPI$EBA8$UX$STANDARDLIB$REQ8$PRES8$EABIv2 0x00000000   Number         0  anon$$obj.o ABSOLUTE
    __ARM_exceptions_init                     - Undefined Weak Reference
    __alloca_initialize                       - Undefined Weak Reference
    __arm_preinit_                            - Undefined Weak Reference
    __arm_relocate_pie_                       - Undefined Weak Reference
    __cpp_initialize__aeabi_                  - Undefined Weak Reference
    __cxa_finalize                            - Undefined Weak Reference
    __rt_locale                               - Undefined Weak Reference
    __sigvec_lookup                           - Undefined Weak Reference
    _atexit_init                              - Undefined Weak Reference
    _call_atexit_fns                          - Undefined Weak Reference
    _clock_init                               - Undefined Weak Reference
    _fp_trap_init                             - Undefined Weak Reference
    _fp_trap_shutdown                         - Undefined Weak Reference
    _get_lc_collate                           - Undefined Weak Reference
    _get_lc_ctype                             - Undefined Weak Reference
    _get_lc_monetary                          - Undefined Weak Reference
    _get_lc_numeric                           - Undefined Weak Reference
    _get_lc_time                              - Undefined Weak Reference
    _getenv_init                              - Undefined Weak Reference
    _handle_redirection                       - Undefined Weak Reference
    _init_alloc                               - Undefined Weak Reference
    _init_user_alloc                          - Undefined Weak Reference
    _initio                                   - Undefined Weak Reference
    _rand_init                                - Undefined Weak Reference
    _signal_finish                            - Undefined Weak Reference
    _signal_init                              - Undefined Weak Reference
    _terminate_alloc                          - Undefined Weak Reference
    _terminate_user_alloc                     - Undefined Weak Reference
    _terminateio                              - Undefined Weak Reference
    __Vectors                                0x00018000   Data           0  startup_keil.o(RESET)
    __Patchable                              0x00018190   Data           0  startup_keil.o(RESET)
    Reset_Handler                            0x00018201   Thumb Code    28  startup_keil.o(RESET)
    HardFault_Handler                        0x0001821d   Thumb Code     2  startup_keil.o(RESET)
    NMI_Handler                              0x0001821f   Thumb Code     2  startup_keil.o(RESET)
    MemManage_Handler                        0x00018221   Thumb Code     2  startup_keil.o(RESET)
    BusFault_Handler                         0x00018223   Thumb Code     2  startup_keil.o(RESET)
    UsageFault_Handler                       0x00018225   Thumb Code     2  startup_keil.o(RESET)
    SVC_Handler                              0x00018227   Thumb Code     2  startup_keil.o(RESET)
    DebugMon_Handler                         0x00018229   Thumb Code     2  startup_keil.o(RESET)
    PendSV_Handler                           0x0001822b   Thumb Code     2  startup_keil.o(RESET)
    SysTick_Handler                          0x0001822d   Thumb Code     2  startup_keil.o(RESET)
    am_adc_isr                               0x0001822f   Thumb Code     0  startup_keil.o(RESET)
    am_audadc0_isr                           0x0001822f   Thumb Code     0  startup_keil.o(RESET)
    am_brownout_isr                          0x0001822f   Thumb Code     0  startup_keil.o(RESET)
    am_cachecpu_isr                          0x0001822f   Thumb Code     0  startup_keil.o(RESET)
    am_clkgen_isr                            0x0001822f   Thumb Code     0  startup_keil.o(RESET)
    am_ctimer_isr                            0x0001822f   Thumb Code     0  startup_keil.o(RESET)
    am_disp_isr                              0x0001822f   Thumb Code     0  startup_keil.o(RESET)
    am_dsi_isr                               0x0001822f   Thumb Code     0  startup_keil.o(RESET)
    am_dspi2s0_isr                           0x0001822f   Thumb Code     0  startup_keil.o(RESET)
    am_dspi2s1_isr                           0x0001822f   Thumb Code     0  startup_keil.o(RESET)
    am_dspi2s2_isr                           0x0001822f   Thumb Code     0  startup_keil.o(RESET)
    am_dspi2s3_isr                           0x0001822f   Thumb Code     0  startup_keil.o(RESET)
    am_gpio0_001f_isr                        0x0001822f   Thumb Code     0  startup_keil.o(RESET)
    am_gpio0_203f_isr                        0x0001822f   Thumb Code     0  startup_keil.o(RESET)
    am_gpio0_405f_isr                        0x0001822f   Thumb Code     0  startup_keil.o(RESET)
    am_gpio0_607f_isr                        0x0001822f   Thumb Code     0  startup_keil.o(RESET)
    am_gpio1_001f_isr                        0x0001822f   Thumb Code     0  startup_keil.o(RESET)
    am_gpio1_203f_isr                        0x0001822f   Thumb Code     0  startup_keil.o(RESET)
    am_gpio1_405f_isr                        0x0001822f   Thumb Code     0  startup_keil.o(RESET)
    am_gpio1_607f_isr                        0x0001822f   Thumb Code     0  startup_keil.o(RESET)
    am_gpu_isr                               0x0001822f   Thumb Code     0  startup_keil.o(RESET)
    am_iomaster0_isr                         0x0001822f   Thumb Code     0  startup_keil.o(RESET)
    am_iomaster1_isr                         0x0001822f   Thumb Code     0  startup_keil.o(RESET)
    am_iomaster2_isr                         0x0001822f   Thumb Code     0  startup_keil.o(RESET)
    am_iomaster3_isr                         0x0001822f   Thumb Code     0  startup_keil.o(RESET)
    am_iomaster4_isr                         0x0001822f   Thumb Code     0  startup_keil.o(RESET)
    am_iomaster5_isr                         0x0001822f   Thumb Code     0  startup_keil.o(RESET)
    am_iomaster6_isr                         0x0001822f   Thumb Code     0  startup_keil.o(RESET)
    am_iomaster7_isr                         0x0001822f   Thumb Code     0  startup_keil.o(RESET)
    am_ioslave_acc_isr                       0x0001822f   Thumb Code     0  startup_keil.o(RESET)
    am_ioslave_ios_isr                       0x0001822f   Thumb Code     0  startup_keil.o(RESET)
    am_mspi0_isr                             0x0001822f   Thumb Code     0  startup_keil.o(RESET)
    am_mspi1_isr                             0x0001822f   Thumb Code     0  startup_keil.o(RESET)
    am_mspi2_isr                             0x0001822f   Thumb Code     0  startup_keil.o(RESET)
    am_pdm0_isr                              0x0001822f   Thumb Code     0  startup_keil.o(RESET)
    am_pdm1_isr                              0x0001822f   Thumb Code     0  startup_keil.o(RESET)
    am_pdm2_isr                              0x0001822f   Thumb Code     0  startup_keil.o(RESET)
    am_pdm3_isr                              0x0001822f   Thumb Code     0  startup_keil.o(RESET)
    am_rtc_isr                               0x0001822f   Thumb Code     0  startup_keil.o(RESET)
    am_sdio_isr                              0x0001822f   Thumb Code     0  startup_keil.o(RESET)
    am_stimer_cmpr0_isr                      0x0001822f   Thumb Code     0  startup_keil.o(RESET)
    am_stimer_cmpr1_isr                      0x0001822f   Thumb Code     0  startup_keil.o(RESET)
    am_stimer_cmpr2_isr                      0x0001822f   Thumb Code     0  startup_keil.o(RESET)
    am_stimer_cmpr3_isr                      0x0001822f   Thumb Code     0  startup_keil.o(RESET)
    am_stimer_cmpr4_isr                      0x0001822f   Thumb Code     0  startup_keil.o(RESET)
    am_stimer_cmpr5_isr                      0x0001822f   Thumb Code     0  startup_keil.o(RESET)
    am_stimer_cmpr6_isr                      0x0001822f   Thumb Code     0  startup_keil.o(RESET)
    am_stimer_cmpr7_isr                      0x0001822f   Thumb Code     0  startup_keil.o(RESET)
    am_stimerof_isr                          0x0001822f   Thumb Code     0  startup_keil.o(RESET)
    am_timer00_isr                           0x0001822f   Thumb Code     0  startup_keil.o(RESET)
    am_timer01_isr                           0x0001822f   Thumb Code     0  startup_keil.o(RESET)
    am_timer02_isr                           0x0001822f   Thumb Code     0  startup_keil.o(RESET)
    am_timer03_isr                           0x0001822f   Thumb Code     0  startup_keil.o(RESET)
    am_timer04_isr                           0x0001822f   Thumb Code     0  startup_keil.o(RESET)
    am_timer05_isr                           0x0001822f   Thumb Code     0  startup_keil.o(RESET)
    am_timer06_isr                           0x0001822f   Thumb Code     0  startup_keil.o(RESET)
    am_timer07_isr                           0x0001822f   Thumb Code     0  startup_keil.o(RESET)
    am_timer08_isr                           0x0001822f   Thumb Code     0  startup_keil.o(RESET)
    am_timer09_isr                           0x0001822f   Thumb Code     0  startup_keil.o(RESET)
    am_timer10_isr                           0x0001822f   Thumb Code     0  startup_keil.o(RESET)
    am_timer11_isr                           0x0001822f   Thumb Code     0  startup_keil.o(RESET)
    am_timer12_isr                           0x0001822f   Thumb Code     0  startup_keil.o(RESET)
    am_timer13_isr                           0x0001822f   Thumb Code     0  startup_keil.o(RESET)
    am_timer14_isr                           0x0001822f   Thumb Code     0  startup_keil.o(RESET)
    am_timer15_isr                           0x0001822f   Thumb Code     0  startup_keil.o(RESET)
    am_uart1_isr                             0x0001822f   Thumb Code     0  startup_keil.o(RESET)
    am_uart2_isr                             0x0001822f   Thumb Code     0  startup_keil.o(RESET)
    am_uart3_isr                             0x0001822f   Thumb Code     0  startup_keil.o(RESET)
    am_uart_isr                              0x0001822f   Thumb Code     0  startup_keil.o(RESET)
    am_usb_isr                               0x0001822f   Thumb Code     0  startup_keil.o(RESET)
    am_vcomp_isr                             0x0001822f   Thumb Code     0  startup_keil.o(RESET)
    am_watchdog_isr                          0x0001822f   Thumb Code     0  startup_keil.o(RESET)
    __main                                   0x00018235   Thumb Code     8  __main.o(!!!main)
    __scatterload                            0x0001823d   Thumb Code     0  __scatter.o(!!!scatter)
    __scatterload_rt2                        0x0001823d   Thumb Code    44  __scatter.o(!!!scatter)
    __scatterload_rt2_thumb_only             0x0001823d   Thumb Code     0  __scatter.o(!!!scatter)
    __scatterload_null                       0x0001824b   Thumb Code     0  __scatter.o(!!!scatter)
    __scatterload_copy                       0x00018271   Thumb Code    26  __scatter_copy.o(!!handler_copy)
    __scatterload_zeroinit                   0x0001828d   Thumb Code    28  __scatter_zi.o(!!handler_zi)
    __rt_lib_init                            0x000182a9   Thumb Code     0  libinit.o(.ARM.Collect$$libinit$$00000000)
    __rt_lib_init_fp_1                       0x000182ab   Thumb Code     0  libinit2.o(.ARM.Collect$$libinit$$00000001)
    __rt_lib_init_alloca_1                   0x000182af   Thumb Code     0  libinit2.o(.ARM.Collect$$libinit$$00000030)
    __rt_lib_init_argv_1                     0x000182af   Thumb Code     0  libinit2.o(.ARM.Collect$$libinit$$0000002E)
    __rt_lib_init_atexit_1                   0x000182af   Thumb Code     0  libinit2.o(.ARM.Collect$$libinit$$0000001D)
    __rt_lib_init_clock_1                    0x000182af   Thumb Code     0  libinit2.o(.ARM.Collect$$libinit$$00000023)
    __rt_lib_init_cpp_1                      0x000182af   Thumb Code     0  libinit2.o(.ARM.Collect$$libinit$$00000034)
    __rt_lib_init_exceptions_1               0x000182af   Thumb Code     0  libinit2.o(.ARM.Collect$$libinit$$00000032)
    __rt_lib_init_fp_trap_1                  0x000182af   Thumb Code     0  libinit2.o(.ARM.Collect$$libinit$$00000021)
    __rt_lib_init_getenv_1                   0x000182af   Thumb Code     0  libinit2.o(.ARM.Collect$$libinit$$00000025)
    __rt_lib_init_heap_1                     0x000182af   Thumb Code     0  libinit2.o(.ARM.Collect$$libinit$$0000000C)
    __rt_lib_init_lc_collate_1               0x000182af   Thumb Code     0  libinit2.o(.ARM.Collect$$libinit$$00000013)
    __rt_lib_init_lc_ctype_1                 0x000182af   Thumb Code     0  libinit2.o(.ARM.Collect$$libinit$$00000015)
    __rt_lib_init_lc_monetary_1              0x000182af   Thumb Code     0  libinit2.o(.ARM.Collect$$libinit$$00000017)
    __rt_lib_init_lc_numeric_1               0x000182af   Thumb Code     0  libinit2.o(.ARM.Collect$$libinit$$00000019)
    __rt_lib_init_lc_time_1                  0x000182af   Thumb Code     0  libinit2.o(.ARM.Collect$$libinit$$0000001B)
    __rt_lib_init_preinit_1                  0x000182af   Thumb Code     0  libinit2.o(.ARM.Collect$$libinit$$00000006)
    __rt_lib_init_rand_1                     0x000182af   Thumb Code     0  libinit2.o(.ARM.Collect$$libinit$$00000010)
    __rt_lib_init_relocate_pie_1             0x000182af   Thumb Code     0  libinit2.o(.ARM.Collect$$libinit$$00000004)
    __rt_lib_init_return                     0x000182af   Thumb Code     0  libinit2.o(.ARM.Collect$$libinit$$00000035)
    __rt_lib_init_signal_1                   0x000182af   Thumb Code     0  libinit2.o(.ARM.Collect$$libinit$$0000001F)
    __rt_lib_init_stdio_1                    0x000182af   Thumb Code     0  libinit2.o(.ARM.Collect$$libinit$$00000027)
    __rt_lib_init_user_alloc_1               0x000182af   Thumb Code     0  libinit2.o(.ARM.Collect$$libinit$$0000000E)
    __rt_lib_shutdown                        0x000182b1   Thumb Code     0  libshutdown.o(.ARM.Collect$$libshutdown$$00000000)
    __rt_lib_shutdown_cpp_1                  0x000182b3   Thumb Code     0  libshutdown2.o(.ARM.Collect$$libshutdown$$00000002)
    __rt_lib_shutdown_fp_trap_1              0x000182b3   Thumb Code     0  libshutdown2.o(.ARM.Collect$$libshutdown$$00000007)
    __rt_lib_shutdown_heap_1                 0x000182b3   Thumb Code     0  libshutdown2.o(.ARM.Collect$$libshutdown$$0000000F)
    __rt_lib_shutdown_return                 0x000182b3   Thumb Code     0  libshutdown2.o(.ARM.Collect$$libshutdown$$00000010)
    __rt_lib_shutdown_signal_1               0x000182b3   Thumb Code     0  libshutdown2.o(.ARM.Collect$$libshutdown$$0000000A)
    __rt_lib_shutdown_stdio_1                0x000182b3   Thumb Code     0  libshutdown2.o(.ARM.Collect$$libshutdown$$00000004)
    __rt_lib_shutdown_user_alloc_1           0x000182b3   Thumb Code     0  libshutdown2.o(.ARM.Collect$$libshutdown$$0000000C)
    __rt_entry                               0x000182b5   Thumb Code     0  __rtentry.o(.ARM.Collect$$rtentry$$00000000)
    __rt_entry_presh_1                       0x000182b5   Thumb Code     0  __rtentry2.o(.ARM.Collect$$rtentry$$00000002)
    __rt_entry_sh                            0x000182b5   Thumb Code     0  __rtentry4.o(.ARM.Collect$$rtentry$$00000004)
    __rt_entry_li                            0x000182bb   Thumb Code     0  __rtentry2.o(.ARM.Collect$$rtentry$$0000000A)
    __rt_entry_postsh_1                      0x000182bb   Thumb Code     0  __rtentry2.o(.ARM.Collect$$rtentry$$00000009)
    __rt_entry_main                          0x000182bf   Thumb Code     0  __rtentry2.o(.ARM.Collect$$rtentry$$0000000D)
    __rt_entry_postli_1                      0x000182bf   Thumb Code     0  __rtentry2.o(.ARM.Collect$$rtentry$$0000000C)
    __rt_exit                                0x000182c7   Thumb Code     0  rtexit.o(.ARM.Collect$$rtexit$$00000000)
    __rt_exit_ls                             0x000182c9   Thumb Code     0  rtexit2.o(.ARM.Collect$$rtexit$$00000003)
    __rt_exit_prels_1                        0x000182c9   Thumb Code     0  rtexit2.o(.ARM.Collect$$rtexit$$00000002)
    __rt_exit_exit                           0x000182cd   Thumb Code     0  rtexit2.o(.ARM.Collect$$rtexit$$00000004)
    __user_initial_stackheap                 0x000182d5   Thumb Code    10  startup_keil.o(.text)
    __use_two_region_memory                  0x000182ed   Thumb Code     2  heapauxi.o(.text)
    __rt_heap_escrow$2region                 0x000182ef   Thumb Code     2  heapauxi.o(.text)
    __rt_heap_expand$2region                 0x000182f1   Thumb Code     2  heapauxi.o(.text)
    __user_setup_stackheap                   0x000182f3   Thumb Code    74  sys_stackheap_outer.o(.text)
    exit                                     0x0001833d   Thumb Code    18  exit.o(.text)
    __user_libspace                          0x00018351   Thumb Code     8  libspace.o(.text)
    __user_perproc_libspace                  0x00018351   Thumb Code     0  libspace.o(.text)
    __user_perthread_libspace                0x00018351   Thumb Code     0  libspace.o(.text)
    _sys_exit                                0x00018359   Thumb Code     8  sys_exit.o(.text)
    __I$use$semihosting                      0x00018365   Thumb Code     0  use_no_semi.o(.text)
    __use_no_semihosting_swi                 0x00018365   Thumb Code     2  use_no_semi.o(.text)
    __semihosting_library_function           0x00018367   Thumb Code     0  indicate_semi.o(.text)
    am_bsp_buffered_uart_printf_enable       0x00018369   Thumb Code   180  am_bsp.o(.text.am_bsp_buffered_uart_printf_enable)
    am_bsp_debug_printf_enable               0x0001841d   Thumb Code    40  am_bsp.o(.text.am_bsp_debug_printf_enable)
    am_bsp_itm_printf_enable                 0x00018445   Thumb Code   126  am_bsp.o(.text.am_bsp_itm_printf_enable)
    am_bsp_low_power_init                    0x000184c5   Thumb Code    22  am_bsp.o(.text.am_bsp_low_power_init)
    am_bsp_uart_printf_enable                0x000184dd   Thumb Code   112  am_bsp.o(.text.am_bsp_uart_printf_enable)
    am_bsp_uart_string_print                 0x0001854d   Thumb Code   102  am_bsp.o(.text.am_bsp_uart_string_print)
    am_hal_cachectrl_config                  0x000185b5   Thumb Code    68  am_hal_cachectrl.o(.text.am_hal_cachectrl_config)
    am_hal_cachectrl_enable                  0x000185f9   Thumb Code    30  am_hal_cachectrl.o(.text.am_hal_cachectrl_enable)
    am_hal_daxi_config                       0x00018619   Thumb Code   172  am_hal_cachectrl.o(.text.am_hal_daxi_config)
    am_hal_dcu_get                           0x000186c5   Thumb Code    72  am_hal_dcu.o(.text.am_hal_dcu_get)
    am_hal_dcu_update                        0x0001870d   Thumb Code   174  am_hal_dcu.o(.text.am_hal_dcu_update)
    am_hal_delay_us                          0x000187bd   Thumb Code    54  am_hal_utils.o(.text.am_hal_delay_us)
    am_hal_delay_us_status_change            0x000187f5   Thumb Code    88  am_hal_utils.o(.text.am_hal_delay_us_status_change)
    am_hal_delay_us_status_check             0x0001884d   Thumb Code   152  am_hal_utils.o(.text.am_hal_delay_us_status_check)
    am_hal_gpio_pinconfig                    0x000188e5   Thumb Code    86  am_hal_gpio.o(.text.am_hal_gpio_pinconfig)
    am_hal_interrupt_master_disable          0x0001893d   Thumb Code     8  am_hal_interrupt.o(.text.am_hal_interrupt_master_disable)
    am_hal_interrupt_master_set              0x00018945   Thumb Code     6  am_hal_interrupt.o(.text.am_hal_interrupt_master_set)
    am_hal_itm_enable                        0x0001894d   Thumb Code    86  am_hal_itm.o(.text.am_hal_itm_enable)
    am_hal_itm_print                         0x000189a5   Thumb Code   306  am_hal_itm.o(.text.am_hal_itm_print)
    am_hal_mram_info_read                    0x00018ad9   Thumb Code   176  am_hal_mram.o(.text.am_hal_mram_info_read)
    am_hal_pwrctrl_control                   0x00018b89   Thumb Code   540  am_hal_pwrctrl.o(.text.am_hal_pwrctrl_control)
    am_hal_pwrctrl_dsp_memory_config         0x00018da5   Thumb Code   298  am_hal_pwrctrl.o(.text.am_hal_pwrctrl_dsp_memory_config)
    am_hal_pwrctrl_low_power_init            0x00018ed1   Thumb Code   350  am_hal_pwrctrl.o(.text.am_hal_pwrctrl_low_power_init)
    am_hal_pwrctrl_mcu_memory_config         0x00019031   Thumb Code   270  am_hal_pwrctrl.o(.text.am_hal_pwrctrl_mcu_memory_config)
    am_hal_pwrctrl_periph_disable            0x00019141   Thumb Code   304  am_hal_pwrctrl.o(.text.am_hal_pwrctrl_periph_disable)
    am_hal_pwrctrl_periph_enable             0x00019271   Thumb Code   196  am_hal_pwrctrl.o(.text.am_hal_pwrctrl_periph_enable)
    am_hal_pwrctrl_sram_config               0x00019335   Thumb Code   198  am_hal_pwrctrl.o(.text.am_hal_pwrctrl_sram_config)
    am_hal_queue_init                        0x000193fd   Thumb Code    24  am_hal_queue.o(.text.am_hal_queue_init)
    am_hal_queue_item_add                    0x00019415   Thumb Code   458  am_hal_queue.o(.text.am_hal_queue_item_add)
    am_hal_queue_item_get                    0x000195e1   Thumb Code   476  am_hal_queue.o(.text.am_hal_queue_item_get)
    am_hal_rtc_osc_disable                   0x000197bd   Thumb Code    20  am_hal_rtc.o(.text.am_hal_rtc_osc_disable)
    am_hal_tpiu_enable                       0x000197d1   Thumb Code   110  am_hal_tpiu.o(.text.am_hal_tpiu_enable)
    am_hal_uart_buffer_configure             0x00019841   Thumb Code   104  am_hal_uart.o(.text.am_hal_uart_buffer_configure)
    am_hal_uart_configure                    0x000198a9   Thumb Code   356  am_hal_uart.o(.text.am_hal_uart_configure)
    am_hal_uart_initialize                   0x00019a21   Thumb Code   112  am_hal_uart.o(.text.am_hal_uart_initialize)
    am_hal_uart_power_control                0x00019a91   Thumb Code   192  am_hal_uart.o(.text.am_hal_uart_power_control)
    am_hal_uart_transfer                     0x00019b51   Thumb Code   192  am_hal_uart.o(.text.am_hal_uart_transfer)
    am_util_stdio_printf                     0x00019c11   Thumb Code    70  am_util_stdio.o(.text.am_util_stdio_printf)
    am_util_stdio_printf_init                0x00019c59   Thumb Code    12  am_util_stdio.o(.text.am_util_stdio_printf_init)
    am_util_stdio_vsprintf                   0x00019c65   Thumb Code  4480  am_util_stdio.o(.text.am_util_stdio_vsprintf)
    crypto_boost_trims                       0x0001ade5   Thumb Code   210  am_hal_pwrctrl.o(.text.crypto_boost_trims)
    gpio_config                              0x0001b401   Thumb Code   146  main.o(.text.gpio_config)
    main                                     0x0001b495   Thumb Code   164  main.o(.text.main)
    __aeabi_d2f                              0x0001b8c5   Thumb Code     0  d2f.o(x$fpl$d2f)
    _d2f                                     0x0001b8c5   Thumb Code    98  d2f.o(x$fpl$d2f)
    __fpl_dnaninf                            0x0001b927   Thumb Code   156  dnaninf.o(x$fpl$dnaninf)
    _fp_init                                 0x0001b9c3   Thumb Code    26  fpinit.o(x$fpl$fpinit)
    __fplib_config_fpu_vfp                   0x0001b9db   Thumb Code     0  fpinit.o(x$fpl$fpinit)
    __fplib_config_pureend_doubles           0x0001b9db   Thumb Code     0  fpinit.o(x$fpl$fpinit)
    __fpl_fretinf                            0x0001b9dd   Thumb Code    10  fretinf.o(x$fpl$fretinf)
    __I$use$fp                               0x0001b9e6   Number         0  usenofp.o(x$fpl$usenofp)
    am_hal_cachectrl_defaults                0x0001b9f2   Data           3  am_hal_cachectrl.o(.rodata.am_hal_cachectrl_defaults)
    am_hal_daxi_defaults                     0x0001b9f5   Data           5  am_hal_cachectrl.o(.rodata.am_hal_daxi_defaults)
    am_hal_pwrctrl_peripheral_control        0x0001b9fc   Data         544  am_hal_pwrctrl.o(.rodata.am_hal_pwrctrl_peripheral_control)
    g_DefaultMcuMemCfg                       0x0001bc1c   Data           6  am_hal_pwrctrl.o(.rodata.g_DefaultMcuMemCfg)
    g_DefaultSRAMCfg                         0x0001bc22   Data           6  am_hal_pwrctrl.o(.rodata.g_DefaultSRAMCfg)
    g_am_hal_bootrom_helper                  0x0001bc28   Data          40  am_hal_bootrom_helper.o(.rodata.g_am_hal_bootrom_helper)
    sGlobalAccess                            0x0001bc5c   Data          28  am_resources.o(.rodata.sGlobalAccess)
    ui32DSP0Allowed                          0x0001bc88   Data          20  am_resources.o(.rodata.ui32DSP0Allowed)
    ui32DSP1Allowed                          0x0001bc9c   Data          20  am_resources.o(.rodata.ui32DSP1Allowed)
    ui32MCUAllowed                           0x0001bcb0   Data          20  am_resources.o(.rodata.ui32MCUAllowed)
    ui32SharedAccess                         0x0001bcc4   Data          20  am_resources.o(.rodata.ui32SharedAccess)
    Region$$Table$$Base                      0x0001bcd8   Number         0  anon$$obj.o(Region$$Table)
    Region$$Table$$Limit                     0x0001bd08   Number         0  anon$$obj.o(Region$$Table)
    g_ui32TrimVer                            0x10000000   Data           4  am_hal_pwrctrl.o(.data..L_MergedGlobals)
    g_ui32origSimobuckVDDStrim               0x10000004   Data           4  am_hal_pwrctrl.o(.data..L_MergedGlobals)
    gpDcuEnable                              0x10000008   Data           4  am_hal_dcu.o(.data..L_MergedGlobals)
    gpDcuLock                                0x1000000c   Data           4  am_hal_dcu.o(.data..L_MergedGlobals)
    gDcuEnable                               0x10000010   Data           8  am_hal_dcu.o(.data..L_MergedGlobals)
    gDcuDisable                              0x10000018   Data           8  am_hal_dcu.o(.data..L_MergedGlobals)
    gDaxiConfig                              0x10000020   Data           5  am_hal_cachectrl.o(.data.gDaxiConfig)
    g_AM_BSP_GPIO_COM_UART_RX                0x10000028   Data           4  am_bsp_pins.o(.data.g_AM_BSP_GPIO_COM_UART_RX)
    g_AM_BSP_GPIO_COM_UART_TX                0x1000002c   Data           4  am_bsp_pins.o(.data.g_AM_BSP_GPIO_COM_UART_TX)
    g_AM_BSP_GPIO_ITM_SWO                    0x10000030   Data           4  am_bsp_pins.o(.data.g_AM_BSP_GPIO_ITM_SWO)
    __libspace_start                         0x10000038   Data          96  libspace.o(.bss)
    __temporary_stack_top$libspace           0x10000098   Data           0  libspace.o(.bss)
    gStartOff                                0x100000cc   Data           4  am_hal_dcu.o(.bss.gStartOff)
    g_am_hal_uart_states                     0x100000d0   Data         736  am_hal_uart.o(.bss.g_am_hal_uart_states)
    g_pfnCharPrint                           0x100003b4   Data           4  am_util_stdio.o(.bss.g_pfnCharPrint)
    psGlobalAccessPtr                        0x10060000   Data           4  am_resources.o(RESOURCE_TABLE)
    ui32MCUClaimed                           0x10060004   Data          20  am_resources.o(SHARED_RW)
    ui32DSP0Claimed                          0x10060018   Data          20  am_resources.o(SHARED_RW)
    ui32DSP1Claimed                          0x1006002c   Data          20  am_resources.o(SHARED_RW)



==============================================================================

Memory Map of the image

  Image Entry point : 0x00018235

  Load Region LR_1 (Base: 0x00018000, Size: 0x00003d80, Max: 0xffffffff, ABSOLUTE)

    Execution Region MCU_MRAM (Exec base: 0x00018000, Load base: 0x00018000, Size: 0x00003d08, Max: 0x001e8000, ABSOLUTE)

    Exec Addr    Load Addr    Size         Type   Attr      Idx    E Section Name        Object

    0x00018000   0x00018000   0x00000234   Code   RO          946    RESET               startup_keil.o
    0x00018234   0x00018234   0x00000008   Code   RO         1054  * !!!main             c_w.l(__main.o)
    0x0001823c   0x0001823c   0x00000034   Code   RO         1228    !!!scatter          c_w.l(__scatter.o)
    0x00018270   0x00018270   0x0000001a   Code   RO         1056    !!handler_copy      c_w.l(__scatter_copy.o)
    0x0001828a   0x0001828a   0x00000002   PAD
    0x0001828c   0x0001828c   0x0000001c   Code   RO         1230    !!handler_zi        c_w.l(__scatter_zi.o)
    0x000182a8   0x000182a8   0x00000002   Code   RO         1090    .ARM.Collect$$libinit$$00000000  c_w.l(libinit.o)
    0x000182aa   0x000182aa   0x00000004   Code   RO         1096    .ARM.Collect$$libinit$$00000001  c_w.l(libinit2.o)
    0x000182ae   0x000182ae   0x00000000   Code   RO         1099    .ARM.Collect$$libinit$$00000004  c_w.l(libinit2.o)
    0x000182ae   0x000182ae   0x00000000   Code   RO         1101    .ARM.Collect$$libinit$$00000006  c_w.l(libinit2.o)
    0x000182ae   0x000182ae   0x00000000   Code   RO         1104    .ARM.Collect$$libinit$$0000000C  c_w.l(libinit2.o)
    0x000182ae   0x000182ae   0x00000000   Code   RO         1106    .ARM.Collect$$libinit$$0000000E  c_w.l(libinit2.o)
    0x000182ae   0x000182ae   0x00000000   Code   RO         1108    .ARM.Collect$$libinit$$00000010  c_w.l(libinit2.o)
    0x000182ae   0x000182ae   0x00000000   Code   RO         1111    .ARM.Collect$$libinit$$00000013  c_w.l(libinit2.o)
    0x000182ae   0x000182ae   0x00000000   Code   RO         1113    .ARM.Collect$$libinit$$00000015  c_w.l(libinit2.o)
    0x000182ae   0x000182ae   0x00000000   Code   RO         1115    .ARM.Collect$$libinit$$00000017  c_w.l(libinit2.o)
    0x000182ae   0x000182ae   0x00000000   Code   RO         1117    .ARM.Collect$$libinit$$00000019  c_w.l(libinit2.o)
    0x000182ae   0x000182ae   0x00000000   Code   RO         1119    .ARM.Collect$$libinit$$0000001B  c_w.l(libinit2.o)
    0x000182ae   0x000182ae   0x00000000   Code   RO         1121    .ARM.Collect$$libinit$$0000001D  c_w.l(libinit2.o)
    0x000182ae   0x000182ae   0x00000000   Code   RO         1123    .ARM.Collect$$libinit$$0000001F  c_w.l(libinit2.o)
    0x000182ae   0x000182ae   0x00000000   Code   RO         1125    .ARM.Collect$$libinit$$00000021  c_w.l(libinit2.o)
    0x000182ae   0x000182ae   0x00000000   Code   RO         1127    .ARM.Collect$$libinit$$00000023  c_w.l(libinit2.o)
    0x000182ae   0x000182ae   0x00000000   Code   RO         1129    .ARM.Collect$$libinit$$00000025  c_w.l(libinit2.o)
    0x000182ae   0x000182ae   0x00000000   Code   RO         1131    .ARM.Collect$$libinit$$00000027  c_w.l(libinit2.o)
    0x000182ae   0x000182ae   0x00000000   Code   RO         1135    .ARM.Collect$$libinit$$0000002E  c_w.l(libinit2.o)
    0x000182ae   0x000182ae   0x00000000   Code   RO         1137    .ARM.Collect$$libinit$$00000030  c_w.l(libinit2.o)
    0x000182ae   0x000182ae   0x00000000   Code   RO         1139    .ARM.Collect$$libinit$$00000032  c_w.l(libinit2.o)
    0x000182ae   0x000182ae   0x00000000   Code   RO         1141    .ARM.Collect$$libinit$$00000034  c_w.l(libinit2.o)
    0x000182ae   0x000182ae   0x00000002   Code   RO         1142    .ARM.Collect$$libinit$$00000035  c_w.l(libinit2.o)
    0x000182b0   0x000182b0   0x00000002   Code   RO         1164    .ARM.Collect$$libshutdown$$00000000  c_w.l(libshutdown.o)
    0x000182b2   0x000182b2   0x00000000   Code   RO         1179    .ARM.Collect$$libshutdown$$00000002  c_w.l(libshutdown2.o)
    0x000182b2   0x000182b2   0x00000000   Code   RO         1181    .ARM.Collect$$libshutdown$$00000004  c_w.l(libshutdown2.o)
    0x000182b2   0x000182b2   0x00000000   Code   RO         1184    .ARM.Collect$$libshutdown$$00000007  c_w.l(libshutdown2.o)
    0x000182b2   0x000182b2   0x00000000   Code   RO         1187    .ARM.Collect$$libshutdown$$0000000A  c_w.l(libshutdown2.o)
    0x000182b2   0x000182b2   0x00000000   Code   RO         1189    .ARM.Collect$$libshutdown$$0000000C  c_w.l(libshutdown2.o)
    0x000182b2   0x000182b2   0x00000000   Code   RO         1192    .ARM.Collect$$libshutdown$$0000000F  c_w.l(libshutdown2.o)
    0x000182b2   0x000182b2   0x00000002   Code   RO         1193    .ARM.Collect$$libshutdown$$00000010  c_w.l(libshutdown2.o)
    0x000182b4   0x000182b4   0x00000000   Code   RO         1060    .ARM.Collect$$rtentry$$00000000  c_w.l(__rtentry.o)
    0x000182b4   0x000182b4   0x00000000   Code   RO         1067    .ARM.Collect$$rtentry$$00000002  c_w.l(__rtentry2.o)
    0x000182b4   0x000182b4   0x00000006   Code   RO         1079    .ARM.Collect$$rtentry$$00000004  c_w.l(__rtentry4.o)
    0x000182ba   0x000182ba   0x00000000   Code   RO         1069    .ARM.Collect$$rtentry$$00000009  c_w.l(__rtentry2.o)
    0x000182ba   0x000182ba   0x00000004   Code   RO         1070    .ARM.Collect$$rtentry$$0000000A  c_w.l(__rtentry2.o)
    0x000182be   0x000182be   0x00000000   Code   RO         1072    .ARM.Collect$$rtentry$$0000000C  c_w.l(__rtentry2.o)
    0x000182be   0x000182be   0x00000008   Code   RO         1073    .ARM.Collect$$rtentry$$0000000D  c_w.l(__rtentry2.o)
    0x000182c6   0x000182c6   0x00000002   Code   RO         1094    .ARM.Collect$$rtexit$$00000000  c_w.l(rtexit.o)
    0x000182c8   0x000182c8   0x00000000   Code   RO         1144    .ARM.Collect$$rtexit$$00000002  c_w.l(rtexit2.o)
    0x000182c8   0x000182c8   0x00000004   Code   RO         1145    .ARM.Collect$$rtexit$$00000003  c_w.l(rtexit2.o)
    0x000182cc   0x000182cc   0x00000006   Code   RO         1146    .ARM.Collect$$rtexit$$00000004  c_w.l(rtexit2.o)
    0x000182d2   0x000182d2   0x00000002   PAD
    0x000182d4   0x000182d4   0x00000018   Code   RO          947    .text               startup_keil.o
    0x000182ec   0x000182ec   0x00000006   Code   RO         1052    .text               c_w.l(heapauxi.o)
    0x000182f2   0x000182f2   0x0000004a   Code   RO         1081    .text               c_w.l(sys_stackheap_outer.o)
    0x0001833c   0x0001833c   0x00000012   Code   RO         1083    .text               c_w.l(exit.o)
    0x0001834e   0x0001834e   0x00000002   PAD
    0x00018350   0x00018350   0x00000008   Code   RO         1091    .text               c_w.l(libspace.o)
    0x00018358   0x00018358   0x0000000c   Code   RO         1154    .text               c_w.l(sys_exit.o)
    0x00018364   0x00018364   0x00000002   Code   RO         1169    .text               c_w.l(use_no_semi.o)
    0x00018366   0x00018366   0x00000000   Code   RO         1171    .text               c_w.l(indicate_semi.o)
    0x00018366   0x00018366   0x00000002   PAD
    0x00018368   0x00018368   0x000000b4   Code   RO           53    .text.am_bsp_buffered_uart_printf_enable  am_bsp.o
    0x0001841c   0x0001841c   0x00000028   Code   RO           47    .text.am_bsp_debug_printf_enable  am_bsp.o
    0x00018444   0x00018444   0x0000007e   Code   RO           49    .text.am_bsp_itm_printf_enable  am_bsp.o
    0x000184c2   0x000184c2   0x00000002   PAD
    0x000184c4   0x000184c4   0x00000016   Code   RO           45    .text.am_bsp_low_power_init  am_bsp.o
    0x000184da   0x000184da   0x00000002   PAD
    0x000184dc   0x000184dc   0x00000070   Code   RO           51    .text.am_bsp_uart_printf_enable  am_bsp.o
    0x0001854c   0x0001854c   0x00000066   Code   RO           85    .text.am_bsp_uart_string_print  am_bsp.o
    0x000185b2   0x000185b2   0x00000002   PAD
    0x000185b4   0x000185b4   0x00000044   Code   RO          465    .text.am_hal_cachectrl_config  am_hal_cachectrl.o
    0x000185f8   0x000185f8   0x0000001e   Code   RO          467    .text.am_hal_cachectrl_enable  am_hal_cachectrl.o
    0x00018616   0x00018616   0x00000002   PAD
    0x00018618   0x00018618   0x000000ac   Code   RO          475    .text.am_hal_daxi_config  am_hal_cachectrl.o
    0x000186c4   0x000186c4   0x00000048   Code   RO          699    .text.am_hal_dcu_get  am_hal_dcu.o
    0x0001870c   0x0001870c   0x000000ae   Code   RO          701    .text.am_hal_dcu_update  am_hal_dcu.o
    0x000187ba   0x000187ba   0x00000002   PAD
    0x000187bc   0x000187bc   0x00000036   Code   RO          866    .text.am_hal_delay_us  am_hal_utils.o
    0x000187f2   0x000187f2   0x00000002   PAD
    0x000187f4   0x000187f4   0x00000058   Code   RO          868    .text.am_hal_delay_us_status_change  am_hal_utils.o
    0x0001884c   0x0001884c   0x00000098   Code   RO          870    .text.am_hal_delay_us_status_check  am_hal_utils.o
    0x000188e4   0x000188e4   0x00000056   Code   RO          321    .text.am_hal_gpio_pinconfig  am_hal_gpio.o
    0x0001893a   0x0001893a   0x00000002   PAD
    0x0001893c   0x0001893c   0x00000008   Code   RO          510    .text.am_hal_interrupt_master_disable  am_hal_interrupt.o
    0x00018944   0x00018944   0x00000006   Code   RO          512    .text.am_hal_interrupt_master_set  am_hal_interrupt.o
    0x0001894a   0x0001894a   0x00000002   PAD
    0x0001894c   0x0001894c   0x00000056   Code   RO          716    .text.am_hal_itm_enable  am_hal_itm.o
    0x000189a2   0x000189a2   0x00000002   PAD
    0x000189a4   0x000189a4   0x00000132   Code   RO          738    .text.am_hal_itm_print  am_hal_itm.o
    0x00018ad6   0x00018ad6   0x00000002   PAD
    0x00018ad8   0x00018ad8   0x000000b0   Code   RO          565    .text.am_hal_mram_info_read  am_hal_mram.o
    0x00018b88   0x00018b88   0x0000021c   Code   RO          396    .text.am_hal_pwrctrl_control  am_hal_pwrctrl.o
    0x00018da4   0x00018da4   0x0000012a   Code   RO          376    .text.am_hal_pwrctrl_dsp_memory_config  am_hal_pwrctrl.o
    0x00018ece   0x00018ece   0x00000002   PAD
    0x00018ed0   0x00018ed0   0x0000015e   Code   RO          390    .text.am_hal_pwrctrl_low_power_init  am_hal_pwrctrl.o
    0x0001902e   0x0001902e   0x00000002   PAD
    0x00019030   0x00019030   0x0000010e   Code   RO          366    .text.am_hal_pwrctrl_mcu_memory_config  am_hal_pwrctrl.o
    0x0001913e   0x0001913e   0x00000002   PAD
    0x00019140   0x00019140   0x00000130   Code   RO          384    .text.am_hal_pwrctrl_periph_disable  am_hal_pwrctrl.o
    0x00019270   0x00019270   0x000000c4   Code   RO          382    .text.am_hal_pwrctrl_periph_enable  am_hal_pwrctrl.o
    0x00019334   0x00019334   0x000000c6   Code   RO          370    .text.am_hal_pwrctrl_sram_config  am_hal_pwrctrl.o
    0x000193fa   0x000193fa   0x00000002   PAD
    0x000193fc   0x000193fc   0x00000018   Code   RO          852    .text.am_hal_queue_init  am_hal_queue.o
    0x00019414   0x00019414   0x000001ca   Code   RO          854    .text.am_hal_queue_item_add  am_hal_queue.o
    0x000195de   0x000195de   0x00000002   PAD
    0x000195e0   0x000195e0   0x000001dc   Code   RO          856    .text.am_hal_queue_item_get  am_hal_queue.o
    0x000197bc   0x000197bc   0x00000014   Code   RO          657    .text.am_hal_rtc_osc_disable  am_hal_rtc.o
    0x000197d0   0x000197d0   0x0000006e   Code   RO          748    .text.am_hal_tpiu_enable  am_hal_tpiu.o
    0x0001983e   0x0001983e   0x00000002   PAD
    0x00019840   0x00019840   0x00000068   Code   RO          608    .text.am_hal_uart_buffer_configure  am_hal_uart.o
    0x000198a8   0x000198a8   0x00000178   Code   RO          614    .text.am_hal_uart_configure  am_hal_uart.o
    0x00019a20   0x00019a20   0x00000070   Code   RO          600    .text.am_hal_uart_initialize  am_hal_uart.o
    0x00019a90   0x00019a90   0x000000c0   Code   RO          604    .text.am_hal_uart_power_control  am_hal_uart.o
    0x00019b50   0x00019b50   0x000000c0   Code   RO          620    .text.am_hal_uart_transfer  am_hal_uart.o
    0x00019c10   0x00019c10   0x00000046   Code   RO          981    .text.am_util_stdio_printf  am_util_stdio.o
    0x00019c56   0x00019c56   0x00000002   PAD
    0x00019c58   0x00019c58   0x0000000c   Code   RO          971    .text.am_util_stdio_printf_init  am_util_stdio.o
    0x00019c64   0x00019c64   0x00001180   Code   RO          977    .text.am_util_stdio_vsprintf  am_util_stdio.o
    0x0001ade4   0x0001ade4   0x000000d2   Code   RO          380    .text.crypto_boost_trims  am_hal_pwrctrl.o
    0x0001aeb6   0x0001aeb6   0x00000002   PAD
    0x0001aeb8   0x0001aeb8   0x00000424   Code   RO          697    .text.get_raw_dcu_mask  am_hal_dcu.o
    0x0001b2dc   0x0001b2dc   0x00000124   Code   RO          693    .text.get_ui32_dcu_mask  am_hal_dcu.o
    0x0001b400   0x0001b400   0x00000092   Code   RO           16    .text.gpio_config   main.o
    0x0001b492   0x0001b492   0x00000002   PAD
    0x0001b494   0x0001b494   0x000000c4   Code   RO           24    .text.main          main.o
    0x0001b558   0x0001b558   0x0000008a   Code   RO          624    .text.nonblocking_read  am_hal_uart.o
    0x0001b5e2   0x0001b5e2   0x00000002   PAD
    0x0001b5e4   0x0001b5e4   0x000000f8   Code   RO          640    .text.nonblocking_read_sm  am_hal_uart.o
    0x0001b6dc   0x0001b6dc   0x0000008e   Code   RO          622    .text.nonblocking_write  am_hal_uart.o
    0x0001b76a   0x0001b76a   0x00000002   PAD
    0x0001b76c   0x0001b76c   0x00000158   Code   RO          642    .text.nonblocking_write_sm  am_hal_uart.o
    0x0001b8c4   0x0001b8c4   0x00000062   Code   RO         1058    x$fpl$d2f           fz_wm.l(d2f.o)
    0x0001b926   0x0001b926   0x0000009c   Code   RO         1061    x$fpl$dnaninf       fz_wm.l(dnaninf.o)
    0x0001b9c2   0x0001b9c2   0x0000001a   Code   RO         1152    x$fpl$fpinit        fz_wm.l(fpinit.o)
    0x0001b9dc   0x0001b9dc   0x0000000a   Code   RO         1063    x$fpl$fretinf       fz_wm.l(fretinf.o)
    0x0001b9e6   0x0001b9e6   0x00000000   Code   RO         1065    x$fpl$usenofp       fz_wm.l(usenofp.o)
    0x0001b9e6   0x0001b9e6   0x00000006   Data   RO           28    .rodata..L__const.memory_config.McuMemCfg  main.o
    0x0001b9ec   0x0001b9ec   0x00000006   Data   RO           29    .rodata..L__const.memory_config.SRAMMemCfg  main.o
    0x0001b9f2   0x0001b9f2   0x00000003   Data   RO          483    .rodata.am_hal_cachectrl_defaults  am_hal_cachectrl.o
    0x0001b9f5   0x0001b9f5   0x00000005   Data   RO          484    .rodata.am_hal_daxi_defaults  am_hal_cachectrl.o
    0x0001b9fa   0x0001b9fa   0x00000002   PAD
    0x0001b9fc   0x0001b9fc   0x00000220   Data   RO          407    .rodata.am_hal_pwrctrl_peripheral_control  am_hal_pwrctrl.o
    0x0001bc1c   0x0001bc1c   0x00000006   Data   RO          408    .rodata.g_DefaultMcuMemCfg  am_hal_pwrctrl.o
    0x0001bc22   0x0001bc22   0x00000006   Data   RO          409    .rodata.g_DefaultSRAMCfg  am_hal_pwrctrl.o
    0x0001bc28   0x0001bc28   0x00000028   Data   RO          459    .rodata.g_am_hal_bootrom_helper  am_hal_bootrom_helper.o
    0x0001bc50   0x0001bc50   0x0000000c   Data   RO          106    .rodata.g_sBspUartConfig  am_bsp.o
    0x0001bc5c   0x0001bc5c   0x0000001c   Data   RO            9    .rodata.sGlobalAccess  am_resources.o
    0x0001bc78   0x0001bc78   0x00000010   Data   RO          351    .rodata.str4.4      am_hal_gpio.o
    0x0001bc88   0x0001bc88   0x00000014   Data   RO            3    .rodata.ui32DSP0Allowed  am_resources.o
    0x0001bc9c   0x0001bc9c   0x00000014   Data   RO            4    .rodata.ui32DSP1Allowed  am_resources.o
    0x0001bcb0   0x0001bcb0   0x00000014   Data   RO            2    .rodata.ui32MCUAllowed  am_resources.o
    0x0001bcc4   0x0001bcc4   0x00000014   Data   RO            5    .rodata.ui32SharedAccess  am_resources.o
    0x0001bcd8   0x0001bcd8   0x00000030   Data   RO         1227    Region$$Table       anon$$obj.o


    Execution Region MCU_TCM (Exec base: 0x10000000, Load base: 0x0001bd08, Size: 0x000037b8, Max: 0x00060000, ABSOLUTE)

    Exec Addr    Load Addr    Size         Type   Attr      Idx    E Section Name        Object

    0x10000000   0x0001bd08   0x00000008   Data   RW          413    .data..L_MergedGlobals  am_hal_pwrctrl.o
    0x10000008   0x0001bd10   0x00000018   Data   RW          707    .data..L_MergedGlobals  am_hal_dcu.o
    0x10000020   0x0001bd28   0x00000005   Data   RW          485    .data.gDaxiConfig   am_hal_cachectrl.o
    0x10000025   0x0001bd2d   0x00000003   PAD
    0x10000028   0x0001bd30   0x00000004   Data   RW          124    .data.g_AM_BSP_GPIO_COM_UART_RX  am_bsp_pins.o
    0x1000002c   0x0001bd34   0x00000004   Data   RW          123    .data.g_AM_BSP_GPIO_COM_UART_TX  am_bsp_pins.o
    0x10000030   0x0001bd38   0x00000004   Data   RW          258    .data.g_AM_BSP_GPIO_ITM_SWO  am_bsp_pins.o
    0x10000034   0x0001bd3c   0x00000004   PAD
    0x10000038        -       0x00000060   Zero   RW         1092    .bss                c_w.l(libspace.o)
    0x10000098        -       0x00000008   Zero   RW          109    .bss..L_MergedGlobals  am_bsp.o
    0x100000a0        -       0x0000002c   Zero   RW          414    .bss..L_MergedGlobals.1  am_hal_pwrctrl.o
    0x100000cc        -       0x00000004   Zero   RW          705    .bss.gStartOff      am_hal_dcu.o
    0x100000d0        -       0x000002e0   Zero   RW          644    .bss.g_am_hal_uart_states  am_hal_uart.o
    0x100003b0        -       0x00000001   Zero   RW          992    .bss.g_bTxtXlate    am_util_stdio.o
    0x100003b1   0x0001bd3c   0x00000003   PAD
    0x100003b4        -       0x00000004   Zero   RW          991    .bss.g_pfnCharPrint  am_util_stdio.o
    0x100003b8        -       0x00000100   Zero   RW          993    .bss.g_prfbuf       am_util_stdio.o
    0x100004b8        -       0x00000400   Zero   RW          108    .bss.pui8UartRxBuffer  am_bsp.o
    0x100008b8        -       0x00000400   Zero   RW          107    .bss.pui8UartTxBuffer  am_bsp.o
    0x10000cb8        -       0x00000000   Zero   RW          945    HEAP                startup_keil.o
    0x10000cb8        -       0x00002b00   Zero   RW          944    STACK               startup_keil.o


    Execution Region SHARED_SRAM (Exec base: 0x10060000, Load base: 0x0001bd40, Size: 0x00000040, Max: 0x00100000, ABSOLUTE)

    Exec Addr    Load Addr    Size         Type   Attr      Idx    E Section Name        Object

    0x10060000   0x0001bd40   0x00000004   Data   RW           10    RESOURCE_TABLE      am_resources.o
    0x10060004   0x0001bd44   0x00000014   Data   RW            6    SHARED_RW           am_resources.o
    0x10060018   0x0001bd58   0x00000014   Data   RW            7    SHARED_RW           am_resources.o
    0x1006002c   0x0001bd6c   0x00000014   Data   RW            8    SHARED_RW           am_resources.o


==============================================================================

Image component sizes


      Code (inc. data)   RO Data    RW Data    ZI Data      Debug   Object Name

       582          0         12          0       2056      66575   am_bsp.o
         0          0          0         12          0       9271   am_bsp_pins.o
         0          0         40          0          0       1174   am_hal_bootrom_helper.o
       270          0          8          5          0      11261   am_hal_cachectrl.o
      1598          0          0         24          4      71665   am_hal_dcu.o
        86          0         16          0          0     142292   am_hal_gpio.o
        14          0          0          0          0        795   am_hal_interrupt.o
       392          0          0          0          0      22778   am_hal_itm.o
       176          0          0          0          0       3313   am_hal_mram.o
      2366         20        556          8         44      93935   am_hal_pwrctrl.o
       958          0          0          0          0       3232   am_hal_queue.o
        20          0          0          0          0      12891   am_hal_rtc.o
       110          0          0          0          0      18540   am_hal_tpiu.o
      1848         24          0          0        736      23901   am_hal_uart.o
       294          0          0          0          0      18397   am_hal_utils.o
         0          0        108         64          0       1089   am_resources.o
      4562         54          0          0        261      22220   am_util_stdio.o
       342         32         12          0          0       6356   main.o
       588        530          0          0      11008       1248   startup_keil.o

    ----------------------------------------------------------------------
     14248        660        802        116      14116     530933   Object Totals
         0          0         48          0          0          0   (incl. Generated)
        42          0          2          3          7          0   (incl. Padding)

    ----------------------------------------------------------------------

      Code (inc. data)   RO Data    RW Data    ZI Data      Debug   Library Member Name

         8          0          0          0          0         68   __main.o
         0          0          0          0          0          0   __rtentry.o
        12          0          0          0          0          0   __rtentry2.o
         6          0          0          0          0          0   __rtentry4.o
        52          8          0          0          0          0   __scatter.o
        26          0          0          0          0         68   __scatter_copy.o
        28          0          0          0          0          0   __scatter_zi.o
        18          0          0          0          0         80   exit.o
         6          0          0          0          0        152   heapauxi.o
         0          0          0          0          0          0   indicate_semi.o
         2          0          0          0          0          0   libinit.o
         6          0          0          0          0          0   libinit2.o
         2          0          0          0          0          0   libshutdown.o
         2          0          0          0          0          0   libshutdown2.o
         8          4          0          0         96         68   libspace.o
         2          0          0          0          0          0   rtexit.o
        10          0          0          0          0          0   rtexit2.o
        12          4          0          0          0         68   sys_exit.o
        74          0          0          0          0         80   sys_stackheap_outer.o
         2          0          0          0          0         68   use_no_semi.o
        98          4          0          0          0        140   d2f.o
       156          4          0          0          0        140   dnaninf.o
        26          0          0          0          0        116   fpinit.o
        10          0          0          0          0        116   fretinf.o
         0          0          0          0          0          0   usenofp.o

    ----------------------------------------------------------------------
       574         24          0          0         96       1164   Library Totals
         8          0          0          0          0          0   (incl. Padding)

    ----------------------------------------------------------------------

      Code (inc. data)   RO Data    RW Data    ZI Data      Debug   Library Name

       276         16          0          0         96        652   c_w.l
       290          8          0          0          0        512   fz_wm.l

    ----------------------------------------------------------------------
       574         24          0          0         96       1164   Library Totals

    ----------------------------------------------------------------------

==============================================================================


      Code (inc. data)   RO Data    RW Data    ZI Data      Debug   

     14822        684        802        116      14212     531141   Grand Totals
     14822        684        802        116      14212     531141   ELF Image Totals
     14822        684        802        116          0          0   ROM Totals

==============================================================================

    Total RO  Size (Code + RO Data)                15624 (  15.26kB)
    Total RW  Size (RW Data + ZI Data)             14328 (  13.99kB)
    Total ROM Size (Code + RO Data + RW Data)      15740 (  15.37kB)

==============================================================================

