


ARM Macro Assembler    Page 1 


    1 00000000         ;*******************************************************
                       ***********************
    2 00000000         ;
    3 00000000         ;! @file startup_keil.s
    4 00000000         ;!
    5 00000000         ;! @brief Definitions for Apollo4 interrupt handlers, th
                       e vector table, and the stack.
    6 00000000         ;
    7 00000000         ;*******************************************************
                       ***********************
    8 00000000         
    9 00000000         ;*******************************************************
                       ***********************
   10 00000000         ;
   11 00000000         ; Copyright (c) 2022, Ambiq Micro, Inc.
   12 00000000         ; All rights reserved.
   13 00000000         ;
   14 00000000         ; Redistribution and use in source and binary forms, wit
                       h or without
   15 00000000         ; modification, are permitted provided that the followin
                       g conditions are met:
   16 00000000         ;
   17 00000000         ; 1. Redistributions of source code must retain the abov
                       e copyright notice,
   18 00000000         ; this list of conditions and the following disclaimer.
   19 00000000         ;
   20 00000000         ; 2. Redistributions in binary form must reproduce the a
                       bove copyright
   21 00000000         ; notice, this list of conditions and the following disc
                       laimer in the
   22 00000000         ; documentation and/or other materials provided with the
                        distribution.
   23 00000000         ;
   24 00000000         ; 3. Neither the name of the copyright holder nor the na
                       mes of its
   25 00000000         ; contributors may be used to endorse or promote product
                       s derived from this
   26 00000000         ; software without specific prior written permission.
   27 00000000         ;
   28 00000000         ; Third party software included in this distribution is 
                       subject to the
   29 00000000         ; additional license terms as defined in the /docs/licen
                       ses directory.
   30 00000000         ;
   31 00000000         ; THIS SOFTWARE IS PROVIDED BY THE COPYRIGHT HOLDERS AND
                        CONTRIBUTORS "AS IS"
   32 00000000         ; AND ANY EXPRESS OR IMPLIED WARRANTIES, INCLUDING, BUT 
                       NOT LIMITED TO, THE
   33 00000000         ; IMPLIED WARRANTIES OF MERCHANTABILITY AND FITNESS FOR 
                       A PARTICULAR PURPOSE
   34 00000000         ; ARE DISCLAIMED. IN NO EVENT SHALL THE COPYRIGHT HOLDER
                        OR CONTRIBUTORS BE
   35 00000000         ; LIABLE FOR ANY DIRECT, INDIRECT, INCIDENTAL, SPECIAL, 
                       EXEMPLARY, OR
   36 00000000         ; CONSEQUENTIAL DAMAGES (INCLUDING, BUT NOT LIMITED TO, 
                       PROCUREMENT OF
   37 00000000         ; SUBSTITUTE GOODS OR SERVICES; LOSS OF USE, DATA, OR PR
                       OFITS; OR BUSINESS
   38 00000000         ; INTERRUPTION) HOWEVER CAUSED AND ON ANY THEORY OF LIAB



ARM Macro Assembler    Page 2 


                       ILITY, WHETHER IN
   39 00000000         ; CONTRACT, STRICT LIABILITY, OR TORT (INCLUDING NEGLIGE
                       NCE OR OTHERWISE)
   40 00000000         ; ARISING IN ANY WAY OUT OF THE USE OF THIS SOFTWARE, EV
                       EN IF ADVISED OF THE
   41 00000000         ; POSSIBILITY OF SUCH DAMAGE.
   42 00000000         ;
   43 00000000         ; This is part of revision release_sdk_4_3_0-0ca7d78a2b 
                       of the AmbiqSuite Development Package.
   44 00000000         ;
   45 00000000         ;*******************************************************
                       ***********************
   46 00000000         
   47 00000000         ;*******************************************************
                       ***********************
   48 00000000         ;
   49 00000000         ; <o> Stack Size (in Bytes) <0x0-0xFFFFFFFF:8>
   50 00000000         ;*******************************************************
                       *****************
   51 00000000 00002B00 
                       Stack   EQU              0x00002B00
   52 00000000         
   53 00000000         ;*******************************************************
                       ***********************
   54 00000000         ;
   55 00000000         ; <o> Heap Size (in Bytes) <0x0-0xFFFFFFFF:8>
   56 00000000         ;
   57 00000000         ;*******************************************************
                       ***********************
   58 00000000 00000000 
                       Heap    EQU              0x00000000
   59 00000000         
   60 00000000         ;*******************************************************
                       ***********************
   61 00000000         ;
   62 00000000         ; Allocate space for the stack.
   63 00000000         ;
   64 00000000         ;*******************************************************
                       ***********************
   65 00000000                 AREA             STACK, NOINIT, READWRITE, ALIGN
=3
   66 00000000         StackMem
   67 00000000                 SPACE            Stack
   68 00002B00         __initial_sp
   69 00002B00         
   70 00002B00         ;*******************************************************
                       ***********************
   71 00002B00         ;
   72 00002B00         ; Allocate space for the heap.
   73 00002B00         ;
   74 00002B00         ;*******************************************************
                       ***********************
   75 00002B00                 AREA             HEAP, NOINIT, READWRITE, ALIGN=
3
   76 00000000         __heap_base
   77 00000000         HeapMem
   78 00000000                 SPACE            Heap
   79 00000000         __heap_limit
   80 00000000         



ARM Macro Assembler    Page 3 


   81 00000000         ;*******************************************************
                       ***********************
   82 00000000         ;
   83 00000000         ; Indicate that the code in this file preserves 8-byte a
                       lignment of the stack.
   84 00000000         ;
   85 00000000         ;*******************************************************
                       ***********************
   86 00000000                 PRESERVE8
   87 00000000         
   88 00000000         ;*******************************************************
                       ***********************
   89 00000000         ;
   90 00000000         ; Place code into the reset code section.
   91 00000000         ;
   92 00000000         ;*******************************************************
                       ***********************
   93 00000000                 AREA             RESET, CODE, READONLY
   94 00000000                 THUMB
   95 00000000         
   96 00000000         ;*******************************************************
                       ***********************
   97 00000000         ;
   98 00000000         ; The vector table.
   99 00000000         ;
  100 00000000         ; Proper alignment of the vector table is dependent on t
                       he number of
  101 00000000         ; external (peripheral) interrupts, see the following ta
                       ble for proper
  102 00000000         ; vectorbaseaddress alignment.
  103 00000000         ;     0-16      32-word
  104 00000000         ;    17-48      64-word
  105 00000000         ;    49-112    128-word  (Apollo4)
  106 00000000         ;   113-240    256-word
  107 00000000         ;
  108 00000000         ; The Apollo4 vector table must be located on a 512 byte
                        boundary.
  109 00000000         ;
  110 00000000         ;*******************************************************
                       ***********************
  111 00000000         ;
  112 00000000         ; Note: Aliasing and weakly exporting am_mpufault_isr, a
                       m_busfault_isr, and
  113 00000000         ; am_usagefault_isr does not work if am_fault_isr is def
                       ined externally.
  114 00000000         ; Therefore, we'll explicitly use am_fault_isr in the ta
                       ble for those vectors.
  115 00000000         ;
  116 00000000         
  117 00000000                 EXPORT           __Vectors
  118 00000000         __Vectors
  119 00000000 00002B00        DCD              StackMem + Stack ; Top of Stack
                                                            
  120 00000004 00000000        DCD              Reset_Handler ; Reset Handler
  121 00000008 00000000        DCD              NMI_Handler ; NMI Handler
  122 0000000C 00000000        DCD              HardFault_Handler ; Hard Fault 
                                                            Handler
  123 00000010 00000000        DCD              MemManage_Handler ; The MPU fau
                                                            lt handler



ARM Macro Assembler    Page 4 


  124 00000014 00000000        DCD              BusFault_Handler ; The bus faul
                                                            t handler
  125 00000018 00000000        DCD              UsageFault_Handler ; The usage 
                                                            fault handler
  126 0000001C 00000000        DCD              0           ; Reserved
  127 00000020 00000000        DCD              0           ; Reserved
  128 00000024 00000000        DCD              0           ; Reserved
  129 00000028 00000000        DCD              0           ; Reserved
  130 0000002C 00000000        DCD              SVC_Handler ; SVCall handler
  131 00000030 00000000        DCD              DebugMon_Handler ; Debug monito
                                                            r handler
  132 00000034 00000000        DCD              0           ; Reserved
  133 00000038 00000000        DCD              PendSV_Handler ; The PendSV han
                                                            dler
  134 0000003C 00000000        DCD              SysTick_Handler ; The SysTick h
                                                            andler
  135 00000040         
  136 00000040         ;
  137 00000040         ; Peripheral Interrupts
  138 00000040         ;
  139 00000040 00000000        DCD              am_brownout_isr ;  0: Brownout 
                                                            (rstgen)
  140 00000044 00000000        DCD              am_watchdog_isr ;  1: Watchdog 
                                                            (WDT)
  141 00000048 00000000        DCD              am_rtc_isr  ;  2: RTC
  142 0000004C 00000000        DCD              am_vcomp_isr ;  3: Voltage Comp
                                                            arator
  143 00000050 00000000        DCD              am_ioslave_ios_isr ;  4: I/O Sl
                                                            ave general
  144 00000054 00000000        DCD              am_ioslave_acc_isr ;  5: I/O Sl
                                                            ave access
  145 00000058 00000000        DCD              am_iomaster0_isr 
                                                            ;  6: I/O Master 0
  146 0000005C 00000000        DCD              am_iomaster1_isr 
                                                            ;  7: I/O Master 1
  147 00000060 00000000        DCD              am_iomaster2_isr 
                                                            ;  8: I/O Master 2
  148 00000064 00000000        DCD              am_iomaster3_isr 
                                                            ;  9: I/O Master 3
  149 00000068 00000000        DCD              am_iomaster4_isr 
                                                            ; 10: I/O Master 4
  150 0000006C 00000000        DCD              am_iomaster5_isr 
                                                            ; 11: I/O Master 5
  151 00000070 00000000        DCD              am_iomaster6_isr ; 12: I/O Mast
                                                            er 6 (I3C/I2C/SPI)
  152 00000074 00000000        DCD              am_iomaster7_isr ; 13: I/O Mast
                                                            er 7 (I3C/I2C/SPI)
  153 00000078 00000000        DCD              am_ctimer_isr ; 14: OR of all t
                                                            imerX interrupts
  154 0000007C 00000000        DCD              am_uart_isr ; 15: UART0
  155 00000080 00000000        DCD              am_uart1_isr ; 16: UART1
  156 00000084 00000000        DCD              am_uart2_isr ; 17: UART2
  157 00000088 00000000        DCD              am_uart3_isr ; 18: UART3
  158 0000008C 00000000        DCD              am_adc_isr  ; 19: ADC
  159 00000090 00000000        DCD              am_mspi0_isr ; 20: MSPI0
  160 00000094 00000000        DCD              am_mspi1_isr ; 21: MSPI1
  161 00000098 00000000        DCD              am_mspi2_isr ; 22: MSPI2
  162 0000009C 00000000        DCD              am_clkgen_isr ; 23: ClkGen
  163 000000A0 00000000        DCD              am_cryptosec_isr 



ARM Macro Assembler    Page 5 


                                                            ; 24: Crypto Secure
                                                            
  164 000000A4 00000000        DCD              am_default_isr ; 25: Reserved
  165 000000A8 00000000        DCD              am_sdio_isr ; 26: SDIO
  166 000000AC 00000000        DCD              am_usb_isr  ; 27: USB
  167 000000B0 00000000        DCD              am_gpu_isr  ; 28: GPU
  168 000000B4 00000000        DCD              am_disp_isr ; 29: DISP
  169 000000B8 00000000        DCD              am_dsi_isr  ; 30: DSI
  170 000000BC 00000000        DCD              am_default_isr ; 31: Reserved
  171 000000C0 00000000        DCD              am_stimer_cmpr0_isr ; 32: Syste
                                                            m Timer Compare0
  172 000000C4 00000000        DCD              am_stimer_cmpr1_isr ; 33: Syste
                                                            m Timer Compare1
  173 000000C8 00000000        DCD              am_stimer_cmpr2_isr ; 34: Syste
                                                            m Timer Compare2
  174 000000CC 00000000        DCD              am_stimer_cmpr3_isr ; 35: Syste
                                                            m Timer Compare3
  175 000000D0 00000000        DCD              am_stimer_cmpr4_isr ; 36: Syste
                                                            m Timer Compare4
  176 000000D4 00000000        DCD              am_stimer_cmpr5_isr ; 37: Syste
                                                            m Timer Compare5
  177 000000D8 00000000        DCD              am_stimer_cmpr6_isr ; 38: Syste
                                                            m Timer Compare6
  178 000000DC 00000000        DCD              am_stimer_cmpr7_isr ; 39: Syste
                                                            m Timer Compare7
  179 000000E0 00000000        DCD              am_stimerof_isr ; 40: System Ti
                                                            mer Cap Overflow
  180 000000E4 00000000        DCD              am_default_isr ; 41: Reserved
  181 000000E8 00000000        DCD              am_audadc0_isr ; 42: Audio ADC
  182 000000EC 00000000        DCD              am_default_isr ; 43: Reserved
  183 000000F0 00000000        DCD              am_dspi2s0_isr ; 44: I2S0
  184 000000F4 00000000        DCD              am_dspi2s1_isr ; 45: I2S1
  185 000000F8 00000000        DCD              am_dspi2s2_isr ; 46: I2S2
  186 000000FC 00000000        DCD              am_dspi2s3_isr ; 47: I2S3
  187 00000100 00000000        DCD              am_pdm0_isr ; 48: PDM0
  188 00000104 00000000        DCD              am_pdm1_isr ; 49: PDM1
  189 00000108 00000000        DCD              am_pdm2_isr ; 50: PDM2
  190 0000010C 00000000        DCD              am_pdm3_isr ; 51: PDM3
  191 00000110 00000000        DCD              am_default_isr ; 52: Reserved
  192 00000114 00000000        DCD              am_default_isr ; 53: Reserved
  193 00000118 00000000        DCD              am_default_isr ; 54: Reserved
  194 0000011C 00000000        DCD              am_default_isr ; 55: Reserved
  195 00000120 00000000        DCD              am_gpio0_001f_isr ; 56: GPIO N0
                                                             pins  0-31
  196 00000124 00000000        DCD              am_gpio0_203f_isr ; 57: GPIO N0
                                                             pins 32-63
  197 00000128 00000000        DCD              am_gpio0_405f_isr ; 58: GPIO N0
                                                             pins 64-95
  198 0000012C 00000000        DCD              am_gpio0_607f_isr ; 59: GPIO N0
                                                             pins 96-104, virtu
                                                            al 105-127
  199 00000130 00000000        DCD              am_gpio1_001f_isr ; 60: GPIO N1
                                                             pins  0-31
  200 00000134 00000000        DCD              am_gpio1_203f_isr ; 61: GPIO N1
                                                             pins 32-63
  201 00000138 00000000        DCD              am_gpio1_405f_isr ; 62: GPIO N1
                                                             pins 64-95
  202 0000013C 00000000        DCD              am_gpio1_607f_isr ; 63: GPIO N1
                                                             pins 96-104, virtu



ARM Macro Assembler    Page 6 


                                                            al 105-127
  203 00000140 00000000        DCD              am_default_isr ; 64: Reserved
  204 00000144 00000000        DCD              am_default_isr ; 65: Reserved
  205 00000148 00000000        DCD              am_default_isr ; 66: Reserved
  206 0000014C 00000000        DCD              am_timer00_isr ; 67: timer0
  207 00000150 00000000        DCD              am_timer01_isr ; 68: timer1
  208 00000154 00000000        DCD              am_timer02_isr ; 69: timer2
  209 00000158 00000000        DCD              am_timer03_isr ; 70: timer3
  210 0000015C 00000000        DCD              am_timer04_isr ; 71: timer4
  211 00000160 00000000        DCD              am_timer05_isr ; 72: timer5
  212 00000164 00000000        DCD              am_timer06_isr ; 73: timer6
  213 00000168 00000000        DCD              am_timer07_isr ; 74: timer7
  214 0000016C 00000000        DCD              am_timer08_isr ; 75: timer8
  215 00000170 00000000        DCD              am_timer09_isr ; 76: timer9
  216 00000174 00000000        DCD              am_timer10_isr ; 77: timer10
  217 00000178 00000000        DCD              am_timer11_isr ; 78: timer11
  218 0000017C 00000000        DCD              am_timer12_isr ; 79: timer12
  219 00000180 00000000        DCD              am_timer13_isr ; 80: timer13
  220 00000184 00000000        DCD              am_timer14_isr ; 81: timer14
  221 00000188 00000000        DCD              am_timer15_isr ; 82: timer15
  222 0000018C 00000000        DCD              am_cachecpu_isr ; 83: CPU cache
                                                            
  223 00000190         
  224 00000190         __Vectors_End
  225 00000190         
  226 00000190 00000190 
                       __Vectors_Size
                               EQU              __Vectors_End - __Vectors
  227 00000190         
  228 00000190         ;*******************************************************
                       ***********************
  229 00000190         ;
  230 00000190         ; Place code immediately following vector table.
  231 00000190         ;
  232 00000190         ; The patch table should pad the vector table size to a 
                       total of 128 entries
  233 00000190         ; such that the code begins at 0x200.
  234 00000190         ; In other words, the final peripheral IRQ is always IRQ
                        111 (0-based).
  235 00000190         ;
  236 00000190         ;*******************************************************
                       ***********************
  237 00000190         ;*******************************************************
                       ***********************
  238 00000190         ;
  239 00000190         ; The Patch table.
  240 00000190         ;
  241 00000190         ;*******************************************************
                       ***********************
  242 00000190                 EXPORT           __Patchable
  243 00000190         __Patchable
  244 00000190 00000000 
              00000000 
              00000000 
              00000000 
              00000000 
              00000000         DCD              0, 0, 0, 0, 0, 0 ;  84-89
  245 000001A8 00000000 
              00000000 



ARM Macro Assembler    Page 7 


              00000000 
              00000000 
              00000000 
              00000000 
              00000000 
              00000000 
              00000000 
              00000000         DCD              0, 0, 0, 0, 0, 0, 0, 0, 0, 0 
                                                            ;  90-99
  246 000001D0 00000000 
              00000000 
              00000000 
              00000000 
              00000000 
              00000000 
              00000000 
              00000000 
              00000000 
              00000000         DCD              0, 0, 0, 0, 0, 0, 0, 0, 0, 0 
                                                            ; 100-109
  247 000001F8 00000000 
              00000000         DCD              0, 0        ; 110-111
  248 00000200         
  249 00000200         
  250 00000200         
  251 00000200         ;*******************************************************
                       ***********************
  252 00000200         ;
  253 00000200         ; This is the code that gets called when the processor f
                       irst starts execution
  254 00000200         ; following a reset event.
  255 00000200         ;
  256 00000200         ;*******************************************************
                       ***********************
  257 00000200         Reset_Handler
                               PROC
  258 00000200                 EXPORT           Reset_Handler               [WE
AK]
  259 00000200                 IMPORT           __main
  260 00000200         
  261 00000200         ;
  262 00000200         ; Enable the FPU.
  263 00000200         ;
  264 00000200 F64E 5088       MOVW             R0, #0xED88
  265 00000204 F2CE 0000       MOVT             R0, #0xE000
  266 00000208 6801            LDR              R1, [R0]
  267 0000020A F441 0170       ORR              R1, #0x00F00000
  268 0000020E 6001            STR              R1, [R0]
  269 00000210 F3BF 8F4F       DSB
  270 00000214 F3BF 8F6F       ISB
  271 00000218         
  272 00000218         ;
  273 00000218         ; Branch to main.
  274 00000218         ;
  275 00000218 4805            LDR              R0, =__main
  276 0000021A 4700            BX               R0
  277 0000021C         
  278 0000021C                 ENDP
  279 0000021C         



ARM Macro Assembler    Page 8 


  280 0000021C         ;*******************************************************
                       ***********************
  281 0000021C         ;
  282 0000021C         ; Weak Exception Handlers.
  283 0000021C         ;
  284 0000021C         ;*******************************************************
                       ***********************
  285 0000021C         
  287 0000021C         HardFault_Handler
                               PROC
  288 0000021C                 EXPORT           HardFault_Handler           [WE
AK]
  289 0000021C E7FE            B                .
  290 0000021E                 ENDP
  291 0000021E         NMI_Handler
                               PROC
  292 0000021E                 EXPORT           NMI_Handler                 [WE
AK]
  293 0000021E E7FE            B                .
  294 00000220                 ENDP
  296 00000220         MemManage_Handler
                               PROC
  297 00000220                 EXPORT           MemManage_Handler           [WE
AK]
  298 00000220 E7FE            B                .
  299 00000222                 ENDP
  301 00000222         BusFault_Handler
                               PROC
  302 00000222                 EXPORT           BusFault_Handler            [WE
AK]
  303 00000222 E7FE            B                .
  304 00000224                 ENDP
  306 00000224         UsageFault_Handler
                               PROC
  307 00000224                 EXPORT           UsageFault_Handler          [WE
AK]
  308 00000224 E7FE            B                .
  309 00000226                 ENDP
  310 00000226         SVC_Handler
                               PROC
  311 00000226                 EXPORT           SVC_Handler                 [WE
AK]
  312 00000226 E7FE            B                .
  313 00000228                 ENDP
  314 00000228         DebugMon_Handler
                               PROC
  315 00000228                 EXPORT           DebugMon_Handler            [WE
AK]
  316 00000228 E7FE            B                .
  317 0000022A                 ENDP
  318 0000022A         PendSV_Handler
                               PROC
  319 0000022A                 EXPORT           PendSV_Handler              [WE
AK]
  320 0000022A E7FE            B                .
  321 0000022C                 ENDP
  322 0000022C         SysTick_Handler
                               PROC
  323 0000022C                 EXPORT           SysTick_Handler             [WE



ARM Macro Assembler    Page 9 


AK]
  324 0000022C E7FE            B                .
  325 0000022E                 ENDP
  326 0000022E         
  328 0000022E         am_default_isr
                               PROC
  329 0000022E                 EXPORT           am_brownout_isr             [WE
AK]
  330 0000022E                 EXPORT           am_watchdog_isr             [WE
AK]
  331 0000022E                 EXPORT           am_rtc_isr                  [WE
AK]
  332 0000022E                 EXPORT           am_vcomp_isr                [WE
AK]
  333 0000022E                 EXPORT           am_ioslave_ios_isr          [WE
AK]
  334 0000022E                 EXPORT           am_ioslave_acc_isr          [WE
AK]
  335 0000022E                 EXPORT           am_iomaster0_isr            [WE
AK]
  336 0000022E                 EXPORT           am_iomaster1_isr            [WE
AK]
  337 0000022E                 EXPORT           am_iomaster2_isr            [WE
AK]
  338 0000022E                 EXPORT           am_iomaster3_isr            [WE
AK]
  339 0000022E                 EXPORT           am_iomaster4_isr            [WE
AK]
  340 0000022E                 EXPORT           am_iomaster5_isr            [WE
AK]
  341 0000022E                 EXPORT           am_iomaster6_isr            [WE
AK]
  342 0000022E                 EXPORT           am_iomaster7_isr            [WE
AK]
  343 0000022E                 EXPORT           am_ctimer_isr               [WE
AK]
  344 0000022E                 EXPORT           am_uart_isr                 [WE
AK]
  345 0000022E                 EXPORT           am_uart1_isr                [WE
AK]
  346 0000022E                 EXPORT           am_uart2_isr                [WE
AK]
  347 0000022E                 EXPORT           am_uart3_isr                [WE
AK]
  348 0000022E                 EXPORT           am_adc_isr                  [WE
AK]
  349 0000022E                 EXPORT           am_mspi0_isr                [WE
AK]
  350 0000022E                 EXPORT           am_mspi1_isr                [WE
AK]
  351 0000022E                 EXPORT           am_mspi2_isr                [WE
AK]
  352 0000022E                 EXPORT           am_clkgen_isr               [WE
AK]
  353 0000022E                 EXPORT           am_sdio_isr                 [WE
AK]
  354 0000022E                 EXPORT           am_usb_isr                  [WE
AK]
  355 0000022E                 EXPORT           am_gpu_isr                  [WE



ARM Macro Assembler    Page 10 


AK]
  356 0000022E                 EXPORT           am_disp_isr                 [WE
AK]
  357 0000022E                 EXPORT           am_dsi_isr                  [WE
AK]
  358 0000022E                 EXPORT           am_stimer_cmpr0_isr         [WE
AK]
  359 0000022E                 EXPORT           am_stimer_cmpr1_isr         [WE
AK]
  360 0000022E                 EXPORT           am_stimer_cmpr2_isr         [WE
AK]
  361 0000022E                 EXPORT           am_stimer_cmpr3_isr         [WE
AK]
  362 0000022E                 EXPORT           am_stimer_cmpr4_isr         [WE
AK]
  363 0000022E                 EXPORT           am_stimer_cmpr5_isr         [WE
AK]
  364 0000022E                 EXPORT           am_stimer_cmpr6_isr         [WE
AK]
  365 0000022E                 EXPORT           am_stimer_cmpr7_isr         [WE
AK]
  366 0000022E                 EXPORT           am_stimerof_isr             [WE
AK]
  367 0000022E                 EXPORT           am_audadc0_isr              [WE
AK]
  368 0000022E                 EXPORT           am_dspi2s0_isr              [WE
AK]
  369 0000022E                 EXPORT           am_dspi2s1_isr              [WE
AK]
  370 0000022E                 EXPORT           am_dspi2s2_isr              [WE
AK]
  371 0000022E                 EXPORT           am_dspi2s3_isr              [WE
AK]
  372 0000022E                 EXPORT           am_pdm0_isr                 [WE
AK]
  373 0000022E                 EXPORT           am_pdm1_isr                 [WE
AK]
  374 0000022E                 EXPORT           am_pdm2_isr                 [WE
AK]
  375 0000022E                 EXPORT           am_pdm3_isr                 [WE
AK]
  376 0000022E                 EXPORT           am_gpio0_001f_isr           [WE
AK]
  377 0000022E                 EXPORT           am_gpio0_203f_isr           [WE
AK]
  378 0000022E                 EXPORT           am_gpio0_405f_isr           [WE
AK]
  379 0000022E                 EXPORT           am_gpio0_607f_isr           [WE
AK]
  380 0000022E                 EXPORT           am_gpio1_001f_isr           [WE
AK]
  381 0000022E                 EXPORT           am_gpio1_203f_isr           [WE
AK]
  382 0000022E                 EXPORT           am_gpio1_405f_isr           [WE
AK]
  383 0000022E                 EXPORT           am_gpio1_607f_isr           [WE
AK]
  384 0000022E                 EXPORT           am_timer00_isr              [WE
AK]



ARM Macro Assembler    Page 11 


  385 0000022E                 EXPORT           am_timer01_isr              [WE
AK]
  386 0000022E                 EXPORT           am_timer02_isr              [WE
AK]
  387 0000022E                 EXPORT           am_timer03_isr              [WE
AK]
  388 0000022E                 EXPORT           am_timer04_isr              [WE
AK]
  389 0000022E                 EXPORT           am_timer05_isr              [WE
AK]
  390 0000022E                 EXPORT           am_timer06_isr              [WE
AK]
  391 0000022E                 EXPORT           am_timer07_isr              [WE
AK]
  392 0000022E                 EXPORT           am_timer08_isr              [WE
AK]
  393 0000022E                 EXPORT           am_timer09_isr              [WE
AK]
  394 0000022E                 EXPORT           am_timer10_isr              [WE
AK]
  395 0000022E                 EXPORT           am_timer11_isr              [WE
AK]
  396 0000022E                 EXPORT           am_timer12_isr              [WE
AK]
  397 0000022E                 EXPORT           am_timer13_isr              [WE
AK]
  398 0000022E                 EXPORT           am_timer14_isr              [WE
AK]
  399 0000022E                 EXPORT           am_timer15_isr              [WE
AK]
  400 0000022E                 EXPORT           am_cachecpu_isr             [WE
AK]
  401 0000022E         am_brownout_isr
  402 0000022E         am_watchdog_isr
  403 0000022E         am_rtc_isr
  404 0000022E         am_vcomp_isr
  405 0000022E         am_ioslave_ios_isr
  406 0000022E         am_ioslave_acc_isr
  407 0000022E         am_iomaster0_isr
  408 0000022E         am_iomaster1_isr
  409 0000022E         am_iomaster2_isr
  410 0000022E         am_iomaster3_isr
  411 0000022E         am_iomaster4_isr
  412 0000022E         am_iomaster5_isr
  413 0000022E         am_iomaster6_isr
  414 0000022E         am_iomaster7_isr
  415 0000022E         am_ctimer_isr
  416 0000022E         am_uart_isr
  417 0000022E         am_uart1_isr
  418 0000022E         am_uart2_isr
  419 0000022E         am_uart3_isr
  420 0000022E         am_adc_isr
  421 0000022E         am_mspi0_isr
  422 0000022E         am_mspi1_isr
  423 0000022E         am_mspi2_isr
  424 0000022E         am_clkgen_isr
  425 0000022E         am_cryptosec_isr
  426 0000022E         am_sdio_isr
  427 0000022E         am_usb_isr



ARM Macro Assembler    Page 12 


  428 0000022E         am_gpu_isr
  429 0000022E         am_disp_isr
  430 0000022E         am_dsi_isr
  431 0000022E         am_stimer_cmpr0_isr
  432 0000022E         am_stimer_cmpr1_isr
  433 0000022E         am_stimer_cmpr2_isr
  434 0000022E         am_stimer_cmpr3_isr
  435 0000022E         am_stimer_cmpr4_isr
  436 0000022E         am_stimer_cmpr5_isr
  437 0000022E         am_stimer_cmpr6_isr
  438 0000022E         am_stimer_cmpr7_isr
  439 0000022E         am_stimerof_isr
  440 0000022E         am_audadc0_isr
  441 0000022E         am_dspi2s0_isr
  442 0000022E         am_dspi2s1_isr
  443 0000022E         am_dspi2s2_isr
  444 0000022E         am_dspi2s3_isr
  445 0000022E         am_pdm0_isr
  446 0000022E         am_pdm1_isr
  447 0000022E         am_pdm2_isr
  448 0000022E         am_pdm3_isr
  449 0000022E         am_gpio0_001f_isr
  450 0000022E         am_gpio0_203f_isr
  451 0000022E         am_gpio0_405f_isr
  452 0000022E         am_gpio0_607f_isr
  453 0000022E         am_gpio1_001f_isr
  454 0000022E         am_gpio1_203f_isr
  455 0000022E         am_gpio1_405f_isr
  456 0000022E         am_gpio1_607f_isr
  457 0000022E         am_timer00_isr
  458 0000022E         am_timer01_isr
  459 0000022E         am_timer02_isr
  460 0000022E         am_timer03_isr
  461 0000022E         am_timer04_isr
  462 0000022E         am_timer05_isr
  463 0000022E         am_timer06_isr
  464 0000022E         am_timer07_isr
  465 0000022E         am_timer08_isr
  466 0000022E         am_timer09_isr
  467 0000022E         am_timer10_isr
  468 0000022E         am_timer11_isr
  469 0000022E         am_timer12_isr
  470 0000022E         am_timer13_isr
  471 0000022E         am_timer14_isr
  472 0000022E         am_timer15_isr
  473 0000022E         am_cachecpu_isr
  474 0000022E         ; all device interrupts go here unless the weak label is
                        over
  475 0000022E         ; ridden in the linker hard spin so the debugger will kn
                       ow it
  476 0000022E         ; was an unhandled interrupt request a come-from-buffer 
                       or
  477 0000022E         ; instruction trace hardware would sure be nice if you g
                       et here
  478 0000022E E7FE            B                .
  479 00000230         
  480 00000230                 ENDP
  481 00000230         
  482 00000230         ;*******************************************************



ARM Macro Assembler    Page 13 


                       ***********************
  483 00000230         ;
  484 00000230         ; Align the end of the section.
  485 00000230         ;
  486 00000230         ;*******************************************************
                       ***********************
  487 00000230                 ALIGN
  488 00000230         
  489 00000230         ;*******************************************************
                       ***********************
  490 00000230         ;
  491 00000230         ; Initialization of the heap and stack.
  492 00000230         ;
  493 00000230         ;*******************************************************
                       ***********************
  494 00000230 00000000        AREA             |.text|, CODE, READONLY
  495 00000000         
  496 00000000         ;*******************************************************
                       ***********************
  497 00000000         ;
  498 00000000         ; User Initial Stack & Heap.
  499 00000000         ;
  500 00000000         ;*******************************************************
                       ***********************
  501 00000000                 IF               :DEF: __MICROLIB
  506 00000000                 IMPORT           __scatterload_copy
  507 00000000                 IMPORT           __use_two_region_memory
  508 00000000                 EXPORT           __user_initial_stackheap
  509 00000000         __user_initial_stackheap
                               PROC
  510 00000000 4802            LDR              R0, =HeapMem
  511 00000002 4903            LDR              R1, =(StackMem + Stack)
  512 00000004 4A01            LDR              R2, =(HeapMem + Heap)
  513 00000006 4B03            LDR              R3, =StackMem
  514 00000008 4770            BX               LR
  515 0000000A         
  516 0000000A                 ENDP
  517 0000000A         
  518 0000000A                 ENDIF
  519 0000000A         
  520 0000000A         ;*******************************************************
                       ***********************
  521 0000000A         ;
  522 0000000A         ; Align the end of the section.
  523 0000000A         ;
  524 0000000A         ;*******************************************************
                       ***********************
  525 0000000A 00 00           ALIGN
  526 0000000C         
  527 0000000C         ;*******************************************************
                       ***********************
  528 0000000C         ;
  529 0000000C         ; All Done
  530 0000000C         ;
  531 0000000C         ;*******************************************************
                       ***********************
  532 0000000C                 END
              00000000 
              00002B00 



ARM Macro Assembler    Page 14 


              00000000 
Command Line: --debug --xref --diag_suppress=9931 --cpu=Cortex-M4.fp.sp --apcs=
interwork --depend=.\objects\startup_keil.d -o.\objects\startup_keil.o -IO:\Kei
l_v5\Packs\AmbiqMicro\Apollo_DFP\1.3.0\Device\Include --predefine="__UVISION_VE
RSION SETA 537" --predefine="APOLLO4p_2048 SETA 1" --list=.\listings\startup_ke
il.lst keil\startup_keil.s



ARM Macro Assembler    Page 1 Alphabetic symbol ordering
Relocatable symbols

STACK 00000000

Symbol: STACK
   Definitions
      At line 65 in file keil\startup_keil.s
   Uses
      None
Comment: STACK unused
StackMem 00000000

Symbol: StackMem
   Definitions
      At line 66 in file keil\startup_keil.s
   Uses
      At line 119 in file keil\startup_keil.s
      At line 511 in file keil\startup_keil.s
      At line 513 in file keil\startup_keil.s

__initial_sp 00002B00

Symbol: __initial_sp
   Definitions
      At line 68 in file keil\startup_keil.s
   Uses
      None
Comment: __initial_sp unused
3 symbols



ARM Macro Assembler    Page 1 Alphabetic symbol ordering
Relocatable symbols

HEAP 00000000

Symbol: HEAP
   Definitions
      At line 75 in file keil\startup_keil.s
   Uses
      None
Comment: HEAP unused
HeapMem 00000000

Symbol: HeapMem
   Definitions
      At line 77 in file keil\startup_keil.s
   Uses
      At line 510 in file keil\startup_keil.s
      At line 512 in file keil\startup_keil.s

__heap_base 00000000

Symbol: __heap_base
   Definitions
      At line 76 in file keil\startup_keil.s
   Uses
      None
Comment: __heap_base unused
__heap_limit 00000000

Symbol: __heap_limit
   Definitions
      At line 79 in file keil\startup_keil.s
   Uses
      None
Comment: __heap_limit unused
4 symbols



ARM Macro Assembler    Page 1 Alphabetic symbol ordering
Relocatable symbols

BusFault_Handler 00000222

Symbol: BusFault_Handler
   Definitions
      At line 301 in file keil\startup_keil.s
   Uses
      At line 124 in file keil\startup_keil.s
      At line 302 in file keil\startup_keil.s

DebugMon_Handler 00000228

Symbol: DebugMon_Handler
   Definitions
      At line 314 in file keil\startup_keil.s
   Uses
      At line 131 in file keil\startup_keil.s
      At line 315 in file keil\startup_keil.s

HardFault_Handler 0000021C

Symbol: HardFault_Handler
   Definitions
      At line 287 in file keil\startup_keil.s
   Uses
      At line 122 in file keil\startup_keil.s
      At line 288 in file keil\startup_keil.s

MemManage_Handler 00000220

Symbol: MemManage_Handler
   Definitions
      At line 296 in file keil\startup_keil.s
   Uses
      At line 123 in file keil\startup_keil.s
      At line 297 in file keil\startup_keil.s

NMI_Handler 0000021E

Symbol: NMI_Handler
   Definitions
      At line 291 in file keil\startup_keil.s
   Uses
      At line 121 in file keil\startup_keil.s
      At line 292 in file keil\startup_keil.s

PendSV_Handler 0000022A

Symbol: PendSV_Handler
   Definitions
      At line 318 in file keil\startup_keil.s
   Uses
      At line 133 in file keil\startup_keil.s
      At line 319 in file keil\startup_keil.s

RESET 00000000

Symbol: RESET
   Definitions
      At line 93 in file keil\startup_keil.s



ARM Macro Assembler    Page 2 Alphabetic symbol ordering
Relocatable symbols

   Uses
      None
Comment: RESET unused
Reset_Handler 00000200

Symbol: Reset_Handler
   Definitions
      At line 257 in file keil\startup_keil.s
   Uses
      At line 120 in file keil\startup_keil.s
      At line 258 in file keil\startup_keil.s

SVC_Handler 00000226

Symbol: SVC_Handler
   Definitions
      At line 310 in file keil\startup_keil.s
   Uses
      At line 130 in file keil\startup_keil.s
      At line 311 in file keil\startup_keil.s

SysTick_Handler 0000022C

Symbol: SysTick_Handler
   Definitions
      At line 322 in file keil\startup_keil.s
   Uses
      At line 134 in file keil\startup_keil.s
      At line 323 in file keil\startup_keil.s

UsageFault_Handler 00000224

Symbol: UsageFault_Handler
   Definitions
      At line 306 in file keil\startup_keil.s
   Uses
      At line 125 in file keil\startup_keil.s
      At line 307 in file keil\startup_keil.s

__Patchable 00000190

Symbol: __Patchable
   Definitions
      At line 243 in file keil\startup_keil.s
   Uses
      At line 242 in file keil\startup_keil.s
Comment: __Patchable used once
__Vectors 00000000

Symbol: __Vectors
   Definitions
      At line 118 in file keil\startup_keil.s
   Uses
      At line 117 in file keil\startup_keil.s
      At line 226 in file keil\startup_keil.s

__Vectors_End 00000190

Symbol: __Vectors_End



ARM Macro Assembler    Page 3 Alphabetic symbol ordering
Relocatable symbols

   Definitions
      At line 224 in file keil\startup_keil.s
   Uses
      At line 226 in file keil\startup_keil.s
Comment: __Vectors_End used once
am_adc_isr 0000022E

Symbol: am_adc_isr
   Definitions
      At line 420 in file keil\startup_keil.s
   Uses
      At line 158 in file keil\startup_keil.s
      At line 348 in file keil\startup_keil.s

am_audadc0_isr 0000022E

Symbol: am_audadc0_isr
   Definitions
      At line 440 in file keil\startup_keil.s
   Uses
      At line 181 in file keil\startup_keil.s
      At line 367 in file keil\startup_keil.s

am_brownout_isr 0000022E

Symbol: am_brownout_isr
   Definitions
      At line 401 in file keil\startup_keil.s
   Uses
      At line 139 in file keil\startup_keil.s
      At line 329 in file keil\startup_keil.s

am_cachecpu_isr 0000022E

Symbol: am_cachecpu_isr
   Definitions
      At line 473 in file keil\startup_keil.s
   Uses
      At line 222 in file keil\startup_keil.s
      At line 400 in file keil\startup_keil.s

am_clkgen_isr 0000022E

Symbol: am_clkgen_isr
   Definitions
      At line 424 in file keil\startup_keil.s
   Uses
      At line 162 in file keil\startup_keil.s
      At line 352 in file keil\startup_keil.s

am_cryptosec_isr 0000022E

Symbol: am_cryptosec_isr
   Definitions
      At line 425 in file keil\startup_keil.s
   Uses
      At line 163 in file keil\startup_keil.s
Comment: am_cryptosec_isr used once
am_ctimer_isr 0000022E



ARM Macro Assembler    Page 4 Alphabetic symbol ordering
Relocatable symbols


Symbol: am_ctimer_isr
   Definitions
      At line 415 in file keil\startup_keil.s
   Uses
      At line 153 in file keil\startup_keil.s
      At line 343 in file keil\startup_keil.s

am_default_isr 0000022E

Symbol: am_default_isr
   Definitions
      At line 328 in file keil\startup_keil.s
   Uses
      At line 164 in file keil\startup_keil.s
      At line 170 in file keil\startup_keil.s
      At line 180 in file keil\startup_keil.s
      At line 182 in file keil\startup_keil.s
      At line 191 in file keil\startup_keil.s
      At line 192 in file keil\startup_keil.s
      At line 193 in file keil\startup_keil.s
      At line 194 in file keil\startup_keil.s
      At line 203 in file keil\startup_keil.s
      At line 204 in file keil\startup_keil.s
      At line 205 in file keil\startup_keil.s

am_disp_isr 0000022E

Symbol: am_disp_isr
   Definitions
      At line 429 in file keil\startup_keil.s
   Uses
      At line 168 in file keil\startup_keil.s
      At line 356 in file keil\startup_keil.s

am_dsi_isr 0000022E

Symbol: am_dsi_isr
   Definitions
      At line 430 in file keil\startup_keil.s
   Uses
      At line 169 in file keil\startup_keil.s
      At line 357 in file keil\startup_keil.s

am_dspi2s0_isr 0000022E

Symbol: am_dspi2s0_isr
   Definitions
      At line 441 in file keil\startup_keil.s
   Uses
      At line 183 in file keil\startup_keil.s
      At line 368 in file keil\startup_keil.s

am_dspi2s1_isr 0000022E

Symbol: am_dspi2s1_isr
   Definitions
      At line 442 in file keil\startup_keil.s
   Uses



ARM Macro Assembler    Page 5 Alphabetic symbol ordering
Relocatable symbols

      At line 184 in file keil\startup_keil.s
      At line 369 in file keil\startup_keil.s

am_dspi2s2_isr 0000022E

Symbol: am_dspi2s2_isr
   Definitions
      At line 443 in file keil\startup_keil.s
   Uses
      At line 185 in file keil\startup_keil.s
      At line 370 in file keil\startup_keil.s

am_dspi2s3_isr 0000022E

Symbol: am_dspi2s3_isr
   Definitions
      At line 444 in file keil\startup_keil.s
   Uses
      At line 186 in file keil\startup_keil.s
      At line 371 in file keil\startup_keil.s

am_gpio0_001f_isr 0000022E

Symbol: am_gpio0_001f_isr
   Definitions
      At line 449 in file keil\startup_keil.s
   Uses
      At line 195 in file keil\startup_keil.s
      At line 376 in file keil\startup_keil.s

am_gpio0_203f_isr 0000022E

Symbol: am_gpio0_203f_isr
   Definitions
      At line 450 in file keil\startup_keil.s
   Uses
      At line 196 in file keil\startup_keil.s
      At line 377 in file keil\startup_keil.s

am_gpio0_405f_isr 0000022E

Symbol: am_gpio0_405f_isr
   Definitions
      At line 451 in file keil\startup_keil.s
   Uses
      At line 197 in file keil\startup_keil.s
      At line 378 in file keil\startup_keil.s

am_gpio0_607f_isr 0000022E

Symbol: am_gpio0_607f_isr
   Definitions
      At line 452 in file keil\startup_keil.s
   Uses
      At line 198 in file keil\startup_keil.s
      At line 379 in file keil\startup_keil.s

am_gpio1_001f_isr 0000022E




ARM Macro Assembler    Page 6 Alphabetic symbol ordering
Relocatable symbols

Symbol: am_gpio1_001f_isr
   Definitions
      At line 453 in file keil\startup_keil.s
   Uses
      At line 199 in file keil\startup_keil.s
      At line 380 in file keil\startup_keil.s

am_gpio1_203f_isr 0000022E

Symbol: am_gpio1_203f_isr
   Definitions
      At line 454 in file keil\startup_keil.s
   Uses
      At line 200 in file keil\startup_keil.s
      At line 381 in file keil\startup_keil.s

am_gpio1_405f_isr 0000022E

Symbol: am_gpio1_405f_isr
   Definitions
      At line 455 in file keil\startup_keil.s
   Uses
      At line 201 in file keil\startup_keil.s
      At line 382 in file keil\startup_keil.s

am_gpio1_607f_isr 0000022E

Symbol: am_gpio1_607f_isr
   Definitions
      At line 456 in file keil\startup_keil.s
   Uses
      At line 202 in file keil\startup_keil.s
      At line 383 in file keil\startup_keil.s

am_gpu_isr 0000022E

Symbol: am_gpu_isr
   Definitions
      At line 428 in file keil\startup_keil.s
   Uses
      At line 167 in file keil\startup_keil.s
      At line 355 in file keil\startup_keil.s

am_iomaster0_isr 0000022E

Symbol: am_iomaster0_isr
   Definitions
      At line 407 in file keil\startup_keil.s
   Uses
      At line 145 in file keil\startup_keil.s
      At line 335 in file keil\startup_keil.s

am_iomaster1_isr 0000022E

Symbol: am_iomaster1_isr
   Definitions
      At line 408 in file keil\startup_keil.s
   Uses
      At line 146 in file keil\startup_keil.s



ARM Macro Assembler    Page 7 Alphabetic symbol ordering
Relocatable symbols

      At line 336 in file keil\startup_keil.s

am_iomaster2_isr 0000022E

Symbol: am_iomaster2_isr
   Definitions
      At line 409 in file keil\startup_keil.s
   Uses
      At line 147 in file keil\startup_keil.s
      At line 337 in file keil\startup_keil.s

am_iomaster3_isr 0000022E

Symbol: am_iomaster3_isr
   Definitions
      At line 410 in file keil\startup_keil.s
   Uses
      At line 148 in file keil\startup_keil.s
      At line 338 in file keil\startup_keil.s

am_iomaster4_isr 0000022E

Symbol: am_iomaster4_isr
   Definitions
      At line 411 in file keil\startup_keil.s
   Uses
      At line 149 in file keil\startup_keil.s
      At line 339 in file keil\startup_keil.s

am_iomaster5_isr 0000022E

Symbol: am_iomaster5_isr
   Definitions
      At line 412 in file keil\startup_keil.s
   Uses
      At line 150 in file keil\startup_keil.s
      At line 340 in file keil\startup_keil.s

am_iomaster6_isr 0000022E

Symbol: am_iomaster6_isr
   Definitions
      At line 413 in file keil\startup_keil.s
   Uses
      At line 151 in file keil\startup_keil.s
      At line 341 in file keil\startup_keil.s

am_iomaster7_isr 0000022E

Symbol: am_iomaster7_isr
   Definitions
      At line 414 in file keil\startup_keil.s
   Uses
      At line 152 in file keil\startup_keil.s
      At line 342 in file keil\startup_keil.s

am_ioslave_acc_isr 0000022E

Symbol: am_ioslave_acc_isr



ARM Macro Assembler    Page 8 Alphabetic symbol ordering
Relocatable symbols

   Definitions
      At line 406 in file keil\startup_keil.s
   Uses
      At line 144 in file keil\startup_keil.s
      At line 334 in file keil\startup_keil.s

am_ioslave_ios_isr 0000022E

Symbol: am_ioslave_ios_isr
   Definitions
      At line 405 in file keil\startup_keil.s
   Uses
      At line 143 in file keil\startup_keil.s
      At line 333 in file keil\startup_keil.s

am_mspi0_isr 0000022E

Symbol: am_mspi0_isr
   Definitions
      At line 421 in file keil\startup_keil.s
   Uses
      At line 159 in file keil\startup_keil.s
      At line 349 in file keil\startup_keil.s

am_mspi1_isr 0000022E

Symbol: am_mspi1_isr
   Definitions
      At line 422 in file keil\startup_keil.s
   Uses
      At line 160 in file keil\startup_keil.s
      At line 350 in file keil\startup_keil.s

am_mspi2_isr 0000022E

Symbol: am_mspi2_isr
   Definitions
      At line 423 in file keil\startup_keil.s
   Uses
      At line 161 in file keil\startup_keil.s
      At line 351 in file keil\startup_keil.s

am_pdm0_isr 0000022E

Symbol: am_pdm0_isr
   Definitions
      At line 445 in file keil\startup_keil.s
   Uses
      At line 187 in file keil\startup_keil.s
      At line 372 in file keil\startup_keil.s

am_pdm1_isr 0000022E

Symbol: am_pdm1_isr
   Definitions
      At line 446 in file keil\startup_keil.s
   Uses
      At line 188 in file keil\startup_keil.s
      At line 373 in file keil\startup_keil.s



ARM Macro Assembler    Page 9 Alphabetic symbol ordering
Relocatable symbols


am_pdm2_isr 0000022E

Symbol: am_pdm2_isr
   Definitions
      At line 447 in file keil\startup_keil.s
   Uses
      At line 189 in file keil\startup_keil.s
      At line 374 in file keil\startup_keil.s

am_pdm3_isr 0000022E

Symbol: am_pdm3_isr
   Definitions
      At line 448 in file keil\startup_keil.s
   Uses
      At line 190 in file keil\startup_keil.s
      At line 375 in file keil\startup_keil.s

am_rtc_isr 0000022E

Symbol: am_rtc_isr
   Definitions
      At line 403 in file keil\startup_keil.s
   Uses
      At line 141 in file keil\startup_keil.s
      At line 331 in file keil\startup_keil.s

am_sdio_isr 0000022E

Symbol: am_sdio_isr
   Definitions
      At line 426 in file keil\startup_keil.s
   Uses
      At line 165 in file keil\startup_keil.s
      At line 353 in file keil\startup_keil.s

am_stimer_cmpr0_isr 0000022E

Symbol: am_stimer_cmpr0_isr
   Definitions
      At line 431 in file keil\startup_keil.s
   Uses
      At line 171 in file keil\startup_keil.s
      At line 358 in file keil\startup_keil.s

am_stimer_cmpr1_isr 0000022E

Symbol: am_stimer_cmpr1_isr
   Definitions
      At line 432 in file keil\startup_keil.s
   Uses
      At line 172 in file keil\startup_keil.s
      At line 359 in file keil\startup_keil.s

am_stimer_cmpr2_isr 0000022E

Symbol: am_stimer_cmpr2_isr
   Definitions



ARM Macro Assembler    Page 10 Alphabetic symbol ordering
Relocatable symbols

      At line 433 in file keil\startup_keil.s
   Uses
      At line 173 in file keil\startup_keil.s
      At line 360 in file keil\startup_keil.s

am_stimer_cmpr3_isr 0000022E

Symbol: am_stimer_cmpr3_isr
   Definitions
      At line 434 in file keil\startup_keil.s
   Uses
      At line 174 in file keil\startup_keil.s
      At line 361 in file keil\startup_keil.s

am_stimer_cmpr4_isr 0000022E

Symbol: am_stimer_cmpr4_isr
   Definitions
      At line 435 in file keil\startup_keil.s
   Uses
      At line 175 in file keil\startup_keil.s
      At line 362 in file keil\startup_keil.s

am_stimer_cmpr5_isr 0000022E

Symbol: am_stimer_cmpr5_isr
   Definitions
      At line 436 in file keil\startup_keil.s
   Uses
      At line 176 in file keil\startup_keil.s
      At line 363 in file keil\startup_keil.s

am_stimer_cmpr6_isr 0000022E

Symbol: am_stimer_cmpr6_isr
   Definitions
      At line 437 in file keil\startup_keil.s
   Uses
      At line 177 in file keil\startup_keil.s
      At line 364 in file keil\startup_keil.s

am_stimer_cmpr7_isr 0000022E

Symbol: am_stimer_cmpr7_isr
   Definitions
      At line 438 in file keil\startup_keil.s
   Uses
      At line 178 in file keil\startup_keil.s
      At line 365 in file keil\startup_keil.s

am_stimerof_isr 0000022E

Symbol: am_stimerof_isr
   Definitions
      At line 439 in file keil\startup_keil.s
   Uses
      At line 179 in file keil\startup_keil.s
      At line 366 in file keil\startup_keil.s




ARM Macro Assembler    Page 11 Alphabetic symbol ordering
Relocatable symbols

am_timer00_isr 0000022E

Symbol: am_timer00_isr
   Definitions
      At line 457 in file keil\startup_keil.s
   Uses
      At line 206 in file keil\startup_keil.s
      At line 384 in file keil\startup_keil.s

am_timer01_isr 0000022E

Symbol: am_timer01_isr
   Definitions
      At line 458 in file keil\startup_keil.s
   Uses
      At line 207 in file keil\startup_keil.s
      At line 385 in file keil\startup_keil.s

am_timer02_isr 0000022E

Symbol: am_timer02_isr
   Definitions
      At line 459 in file keil\startup_keil.s
   Uses
      At line 208 in file keil\startup_keil.s
      At line 386 in file keil\startup_keil.s

am_timer03_isr 0000022E

Symbol: am_timer03_isr
   Definitions
      At line 460 in file keil\startup_keil.s
   Uses
      At line 209 in file keil\startup_keil.s
      At line 387 in file keil\startup_keil.s

am_timer04_isr 0000022E

Symbol: am_timer04_isr
   Definitions
      At line 461 in file keil\startup_keil.s
   Uses
      At line 210 in file keil\startup_keil.s
      At line 388 in file keil\startup_keil.s

am_timer05_isr 0000022E

Symbol: am_timer05_isr
   Definitions
      At line 462 in file keil\startup_keil.s
   Uses
      At line 211 in file keil\startup_keil.s
      At line 389 in file keil\startup_keil.s

am_timer06_isr 0000022E

Symbol: am_timer06_isr
   Definitions
      At line 463 in file keil\startup_keil.s



ARM Macro Assembler    Page 12 Alphabetic symbol ordering
Relocatable symbols

   Uses
      At line 212 in file keil\startup_keil.s
      At line 390 in file keil\startup_keil.s

am_timer07_isr 0000022E

Symbol: am_timer07_isr
   Definitions
      At line 464 in file keil\startup_keil.s
   Uses
      At line 213 in file keil\startup_keil.s
      At line 391 in file keil\startup_keil.s

am_timer08_isr 0000022E

Symbol: am_timer08_isr
   Definitions
      At line 465 in file keil\startup_keil.s
   Uses
      At line 214 in file keil\startup_keil.s
      At line 392 in file keil\startup_keil.s

am_timer09_isr 0000022E

Symbol: am_timer09_isr
   Definitions
      At line 466 in file keil\startup_keil.s
   Uses
      At line 215 in file keil\startup_keil.s
      At line 393 in file keil\startup_keil.s

am_timer10_isr 0000022E

Symbol: am_timer10_isr
   Definitions
      At line 467 in file keil\startup_keil.s
   Uses
      At line 216 in file keil\startup_keil.s
      At line 394 in file keil\startup_keil.s

am_timer11_isr 0000022E

Symbol: am_timer11_isr
   Definitions
      At line 468 in file keil\startup_keil.s
   Uses
      At line 217 in file keil\startup_keil.s
      At line 395 in file keil\startup_keil.s

am_timer12_isr 0000022E

Symbol: am_timer12_isr
   Definitions
      At line 469 in file keil\startup_keil.s
   Uses
      At line 218 in file keil\startup_keil.s
      At line 396 in file keil\startup_keil.s

am_timer13_isr 0000022E



ARM Macro Assembler    Page 13 Alphabetic symbol ordering
Relocatable symbols


Symbol: am_timer13_isr
   Definitions
      At line 470 in file keil\startup_keil.s
   Uses
      At line 219 in file keil\startup_keil.s
      At line 397 in file keil\startup_keil.s

am_timer14_isr 0000022E

Symbol: am_timer14_isr
   Definitions
      At line 471 in file keil\startup_keil.s
   Uses
      At line 220 in file keil\startup_keil.s
      At line 398 in file keil\startup_keil.s

am_timer15_isr 0000022E

Symbol: am_timer15_isr
   Definitions
      At line 472 in file keil\startup_keil.s
   Uses
      At line 221 in file keil\startup_keil.s
      At line 399 in file keil\startup_keil.s

am_uart1_isr 0000022E

Symbol: am_uart1_isr
   Definitions
      At line 417 in file keil\startup_keil.s
   Uses
      At line 155 in file keil\startup_keil.s
      At line 345 in file keil\startup_keil.s

am_uart2_isr 0000022E

Symbol: am_uart2_isr
   Definitions
      At line 418 in file keil\startup_keil.s
   Uses
      At line 156 in file keil\startup_keil.s
      At line 346 in file keil\startup_keil.s

am_uart3_isr 0000022E

Symbol: am_uart3_isr
   Definitions
      At line 419 in file keil\startup_keil.s
   Uses
      At line 157 in file keil\startup_keil.s
      At line 347 in file keil\startup_keil.s

am_uart_isr 0000022E

Symbol: am_uart_isr
   Definitions
      At line 416 in file keil\startup_keil.s
   Uses



ARM Macro Assembler    Page 14 Alphabetic symbol ordering
Relocatable symbols

      At line 154 in file keil\startup_keil.s
      At line 344 in file keil\startup_keil.s

am_usb_isr 0000022E

Symbol: am_usb_isr
   Definitions
      At line 427 in file keil\startup_keil.s
   Uses
      At line 166 in file keil\startup_keil.s
      At line 354 in file keil\startup_keil.s

am_vcomp_isr 0000022E

Symbol: am_vcomp_isr
   Definitions
      At line 404 in file keil\startup_keil.s
   Uses
      At line 142 in file keil\startup_keil.s
      At line 332 in file keil\startup_keil.s

am_watchdog_isr 0000022E

Symbol: am_watchdog_isr
   Definitions
      At line 402 in file keil\startup_keil.s
   Uses
      At line 140 in file keil\startup_keil.s
      At line 330 in file keil\startup_keil.s

88 symbols



ARM Macro Assembler    Page 1 Alphabetic symbol ordering
Relocatable symbols

.text 00000000

Symbol: .text
   Definitions
      At line 494 in file keil\startup_keil.s
   Uses
      None
Comment: .text unused
__user_initial_stackheap 00000000

Symbol: __user_initial_stackheap
   Definitions
      At line 509 in file keil\startup_keil.s
   Uses
      At line 508 in file keil\startup_keil.s
Comment: __user_initial_stackheap used once
2 symbols



ARM Macro Assembler    Page 1 Alphabetic symbol ordering
Absolute symbols

Heap 00000000

Symbol: Heap
   Definitions
      At line 58 in file keil\startup_keil.s
   Uses
      At line 78 in file keil\startup_keil.s
      At line 512 in file keil\startup_keil.s

Stack 00002B00

Symbol: Stack
   Definitions
      At line 51 in file keil\startup_keil.s
   Uses
      At line 67 in file keil\startup_keil.s
      At line 119 in file keil\startup_keil.s
      At line 511 in file keil\startup_keil.s

__Vectors_Size 00000190

Symbol: __Vectors_Size
   Definitions
      At line 226 in file keil\startup_keil.s
   Uses
      None
Comment: __Vectors_Size unused
3 symbols



ARM Macro Assembler    Page 1 Alphabetic symbol ordering
External symbols

__main 00000000

Symbol: __main
   Definitions
      At line 259 in file keil\startup_keil.s
   Uses
      At line 275 in file keil\startup_keil.s
Comment: __main used once
__scatterload_copy 00000000

Symbol: __scatterload_copy
   Definitions
      At line 506 in file keil\startup_keil.s
   Uses
      None
Comment: __scatterload_copy unused
__use_two_region_memory 00000000

Symbol: __use_two_region_memory
   Definitions
      At line 507 in file keil\startup_keil.s
   Uses
      None
Comment: __use_two_region_memory unused
3 symbols
442 symbols in table
